Archive member included to satisfy reference by file (symbol)

c:/altera/15.0/nios2eds/bin/gnu/h-x86_64-mingw32/bin/../lib/gcc/nios2-elf/4.9.1/mno-hw-mul\libgcc.a(lib2-divmod.o)
                              obj/default/main.o (__divsi3)
c:/altera/15.0/nios2eds/bin/gnu/h-x86_64-mingw32/bin/../lib/gcc/nios2-elf/4.9.1/mno-hw-mul\libgcc.a(lib2-mul.o)
                              obj/default/main.o (__mulsi3)
c:/altera/15.0/nios2eds/bin/gnu/h-x86_64-mingw32/bin/../lib/gcc/nios2-elf/4.9.1/../../../../../H-x86_64-mingw32/nios2-elf/lib/mno-hw-mul\libc.a(lib_a-memcpy.o)
                              obj/default/main.o (memcpy)
c:/altera/15.0/nios2eds/bin/gnu/h-x86_64-mingw32/bin/../lib/gcc/nios2-elf/4.9.1/../../../../../H-x86_64-mingw32/nios2-elf/lib/mno-hw-mul\libc.a(lib_a-printf.o)
                              obj/default/main.o (printf)
c:/altera/15.0/nios2eds/bin/gnu/h-x86_64-mingw32/bin/../lib/gcc/nios2-elf/4.9.1/../../../../../H-x86_64-mingw32/nios2-elf/lib/mno-hw-mul\libc.a(lib_a-puts.o)
                              obj/default/main.o (puts)
c:/altera/15.0/nios2eds/bin/gnu/h-x86_64-mingw32/bin/../lib/gcc/nios2-elf/4.9.1/../../../../../H-x86_64-mingw32/nios2-elf/lib/mno-hw-mul\libc.a(lib_a-strlen.o)
                              c:/altera/15.0/nios2eds/bin/gnu/h-x86_64-mingw32/bin/../lib/gcc/nios2-elf/4.9.1/../../../../../H-x86_64-mingw32/nios2-elf/lib/mno-hw-mul\libc.a(lib_a-puts.o) (strlen)
c:/altera/15.0/nios2eds/bin/gnu/h-x86_64-mingw32/bin/../lib/gcc/nios2-elf/4.9.1/../../../../../H-x86_64-mingw32/nios2-elf/lib/mno-hw-mul\libc.a(lib_a-vfprintf.o)
                              c:/altera/15.0/nios2eds/bin/gnu/h-x86_64-mingw32/bin/../lib/gcc/nios2-elf/4.9.1/../../../../../H-x86_64-mingw32/nios2-elf/lib/mno-hw-mul\libc.a(lib_a-printf.o) (___vfprintf_internal_r)
c:/altera/15.0/nios2eds/bin/gnu/h-x86_64-mingw32/bin/../lib/gcc/nios2-elf/4.9.1/../../../../../H-x86_64-mingw32/nios2-elf/lib/mno-hw-mul\libc.a(lib_a-wsetup.o)
                              c:/altera/15.0/nios2eds/bin/gnu/h-x86_64-mingw32/bin/../lib/gcc/nios2-elf/4.9.1/../../../../../H-x86_64-mingw32/nios2-elf/lib/mno-hw-mul\libc.a(lib_a-vfprintf.o) (__swsetup_r)
c:/altera/15.0/nios2eds/bin/gnu/h-x86_64-mingw32/bin/../lib/gcc/nios2-elf/4.9.1/../../../../../H-x86_64-mingw32/nios2-elf/lib/mno-hw-mul\libc.a(lib_a-dtoa.o)
                              c:/altera/15.0/nios2eds/bin/gnu/h-x86_64-mingw32/bin/../lib/gcc/nios2-elf/4.9.1/../../../../../H-x86_64-mingw32/nios2-elf/lib/mno-hw-mul\libc.a(lib_a-vfprintf.o) (_dtoa_r)
c:/altera/15.0/nios2eds/bin/gnu/h-x86_64-mingw32/bin/../lib/gcc/nios2-elf/4.9.1/../../../../../H-x86_64-mingw32/nios2-elf/lib/mno-hw-mul\libc.a(lib_a-fflush.o)
                              c:/altera/15.0/nios2eds/bin/gnu/h-x86_64-mingw32/bin/../lib/gcc/nios2-elf/4.9.1/../../../../../H-x86_64-mingw32/nios2-elf/lib/mno-hw-mul\libc.a(lib_a-vfprintf.o) (_fflush_r)
c:/altera/15.0/nios2eds/bin/gnu/h-x86_64-mingw32/bin/../lib/gcc/nios2-elf/4.9.1/../../../../../H-x86_64-mingw32/nios2-elf/lib/mno-hw-mul\libc.a(lib_a-findfp.o)
                              c:/altera/15.0/nios2eds/bin/gnu/h-x86_64-mingw32/bin/../lib/gcc/nios2-elf/4.9.1/../../../../../H-x86_64-mingw32/nios2-elf/lib/mno-hw-mul\libc.a(lib_a-vfprintf.o) (__sinit)
c:/altera/15.0/nios2eds/bin/gnu/h-x86_64-mingw32/bin/../lib/gcc/nios2-elf/4.9.1/../../../../../H-x86_64-mingw32/nios2-elf/lib/mno-hw-mul\libc.a(lib_a-freer.o)
                              c:/altera/15.0/nios2eds/bin/gnu/h-x86_64-mingw32/bin/../lib/gcc/nios2-elf/4.9.1/../../../../../H-x86_64-mingw32/nios2-elf/lib/mno-hw-mul\libc.a(lib_a-wsetup.o) (_free_r)
c:/altera/15.0/nios2eds/bin/gnu/h-x86_64-mingw32/bin/../lib/gcc/nios2-elf/4.9.1/../../../../../H-x86_64-mingw32/nios2-elf/lib/mno-hw-mul\libc.a(lib_a-fvwrite.o)
                              c:/altera/15.0/nios2eds/bin/gnu/h-x86_64-mingw32/bin/../lib/gcc/nios2-elf/4.9.1/../../../../../H-x86_64-mingw32/nios2-elf/lib/mno-hw-mul\libc.a(lib_a-puts.o) (__sfvwrite_r)
c:/altera/15.0/nios2eds/bin/gnu/h-x86_64-mingw32/bin/../lib/gcc/nios2-elf/4.9.1/../../../../../H-x86_64-mingw32/nios2-elf/lib/mno-hw-mul\libc.a(lib_a-fwalk.o)
                              c:/altera/15.0/nios2eds/bin/gnu/h-x86_64-mingw32/bin/../lib/gcc/nios2-elf/4.9.1/../../../../../H-x86_64-mingw32/nios2-elf/lib/mno-hw-mul\libc.a(lib_a-findfp.o) (_fwalk)
c:/altera/15.0/nios2eds/bin/gnu/h-x86_64-mingw32/bin/../lib/gcc/nios2-elf/4.9.1/../../../../../H-x86_64-mingw32/nios2-elf/lib/mno-hw-mul\libc.a(lib_a-impure.o)
                              c:/altera/15.0/nios2eds/bin/gnu/h-x86_64-mingw32/bin/../lib/gcc/nios2-elf/4.9.1/../../../../../H-x86_64-mingw32/nios2-elf/lib/mno-hw-mul\libc.a(lib_a-fflush.o) (_global_impure_ptr)
c:/altera/15.0/nios2eds/bin/gnu/h-x86_64-mingw32/bin/../lib/gcc/nios2-elf/4.9.1/../../../../../H-x86_64-mingw32/nios2-elf/lib/mno-hw-mul\libc.a(lib_a-locale.o)
[...]
Memory Configuration

Name             Origin             Length             Attributes
onchip_memory2_0 0x0000000000000000 0x0000000000000010
reset            0x0000000010000000 0x0000000000000020
sdram            0x0000000010000020 0x0000000007ffffe0
*default*        0x0000000000000000 0xffffffffffffffff

Linker script and memory map

LOAD ../lab9_app_bsp//obj/HAL/src/crt0.o
LOAD obj/default/main.o
LOAD c:/altera/15.0/nios2eds/bin/gnu/h-x86_64-mingw32/bin/../lib/gcc/nios2-elf/4.9.1/../../../../../H-x86_64-mingw32/nios2-elf/lib/mno-hw-mul\libstdc++.a
LOAD c:/altera/15.0/nios2eds/bin/gnu/h-x86_64-mingw32/bin/../lib/gcc/nios2-elf/4.9.1/../../../../../H-x86_64-mingw32/nios2-elf/lib/mno-hw-mul\libm.a
LOAD c:/altera/15.0/nios2eds/bin/gnu/h-x86_64-mingw32/bin/../lib/gcc/nios2-elf/4.9.1/mno-hw-mul\libgcc.a
START GROUP
LOAD c:/altera/15.0/nios2eds/bin/gnu/h-x86_64-mingw32/bin/../lib/gcc/nios2-elf/4.9.1/../../../../../H-x86_64-mingw32/nios2-elf/lib/mno-hw-mul\libc.a
LOAD c:/altera/15.0/nios2eds/bin/gnu/h-x86_64-mingw32/bin/../lib/gcc/nios2-elf/4.9.1/mno-hw-mul\libgcc.a
LOAD ../lab9_app_bsp/\libhal_bsp.a
LOAD c:/altera/15.0/nios2eds/bin/gnu/h-x86_64-mingw32/bin/../lib/gcc/nios2-elf/4.9.1/../../../../../H-x86_64-mingw32/nios2-elf/lib/mno-hw-mul\libm.a
END GROUP
LOAD c:/altera/15.0/nios2eds/bin/gnu/h-x86_64-mingw32/bin/../lib/gcc/nios2-elf/4.9.1/mno-hw-mul\libgcc.a
                0x0000000000000000                __alt_mem_onchip_memory2_0 = 0x0
                0x0000000010000000                __alt_mem_sdram = 0x10000000

.entry          0x0000000010000000       0x20
 *(.entry)
 .entry         0x0000000010000000       0x20 ../lab9_app_bsp//obj/HAL/src/crt0.o
                0x0000000010000000                __reset

.exceptions     0x0000000010000020      0x19c
                0x0000000010000020                PROVIDE (__ram_exceptions_start, ABSOLUTE (.))
                0x0000000010000020                . = ALIGN (0x20)
 *(.irq)
 *(.exceptions.entry.label)
 .exceptions.entry.label
                0x0000000010000020        0x0 ../lab9_app_bsp/\libhal_bsp.a(alt_irq_entry.o)
                0x0000000010000020                alt_irq_entry
 .exceptions.entry.label
                0x0000000010000020        0x0 ../lab9_app_bsp/\libhal_bsp.a(alt_exception_entry.o)
                0x0000000010000020                alt_exception
 *(.exceptions.entry.user)
 *(.exceptions.entry.ecc_fatal)
 *(.exceptions.entry)
 .exceptions.entry
                0x0000000010000020       0x54 ../lab9_app_bsp/\libhal_bsp.a(alt_exception_entry.o)
 *(.exceptions.irqtest.user)
 *(.exceptions.irqtest)
 .exceptions.irqtest
                0x0000000010000074       0x10 ../lab9_app_bsp/\libhal_bsp.a(alt_irq_entry.o)
 *(.exceptions.irqhandler.user)
 *(.exceptions.irqhandler)
 .exceptions.irqhandler
                0x0000000010000084        0x4 ../lab9_app_bsp/\libhal_bsp.a(alt_irq_entry.o)
 *(.exceptions.irqreturn.user)
 *(.exceptions.irqreturn)
 .exceptions.irqreturn
                0x0000000010000088        0x4 ../lab9_app_bsp/\libhal_bsp.a(alt_irq_entry.o)
 *(.exceptions.notirq.label)
 .exceptions.notirq.label
                0x000000001000008c        0x0 ../lab9_app_bsp/\libhal_bsp.a(alt_irq_entry.o)
 *(.exceptions.notirq.user)
 *(.exceptions.notirq)
 .exceptions.notirq
                0x000000001000008c        0x8 ../lab9_app_bsp/\libhal_bsp.a(alt_exception_entry.o)
 *(.exceptions.soft.user)
 *(.exceptions.soft)
 *(.exceptions.unknown.user)
 *(.exceptions.unknown)
 .exceptions.unknown
                0x0000000010000094        0x4 ../lab9_app_bsp/\libhal_bsp.a(alt_exception_entry.o)
 *(.exceptions.exit.label)
 .exceptions.exit.label
                0x0000000010000098        0x0 ../lab9_app_bsp/\libhal_bsp.a(alt_irq_entry.o)
 .exceptions.exit.label
                0x0000000010000098        0x0 ../lab9_app_bsp/\libhal_bsp.a(alt_exception_entry.o)
 *(.exceptions.exit.user)
 *(.exceptions.exit)
 .exceptions.exit
                0x0000000010000098       0x54 ../lab9_app_bsp/\libhal_bsp.a(alt_exception_entry.o)
 *(.exceptions)
 .exceptions    0x00000000100000ec       0xd0 ../lab9_app_bsp/\libhal_bsp.a(alt_irq_handler.o)
                0x00000000100000ec                alt_irq_handler
                0x00000000100001bc                PROVIDE (__ram_exceptions_end, ABSOLUTE (.))
                0x0000000010000020                PROVIDE (__flash_exceptions_start, LOADADDR (.exceptions))

.text           0x00000000100001bc     0xfd74
                0x00000000100001bc                PROVIDE (stext, ABSOLUTE (.))
 *(.interp)
 *(.hash)
 *(.dynsym)
 *(.dynstr)
 *(.gnu.version)
 *(.gnu.version_d)
 *(.gnu.version_r)
 *(.rel.init)
 *(.rela.init)
 *(.rel.text .rel.text.* .rel.gnu.linkonce.t.*)
 *(.rela.text .rela.text.* .rela.gnu.linkonce.t.*)
 *(.rel.fini)
 *(.rela.fini)
 *(.rel.rodata .rel.rodata.* .rel.gnu.linkonce.r.*)
 *(.rela.rodata .rela.rodata.* .rela.gnu.linkonce.r.*)
 *(.rel.data .rel.data.* .rel.gnu.linkonce.d.*)
 *(.rela.data .rela.data.* .rela.gnu.linkonce.d.*)
 *(.rel.tdata .rel.tdata.* .rel.gnu.linkonce.td.*)
 *(.rela.tdata .rela.tdata.* .rela.gnu.linkonce.td.*)
 *(.rel.tbss .rel.tbss.* .rel.gnu.linkonce.tb.*)
 *(.rela.tbss .rela.tbss.* .rela.gnu.linkonce.tb.*)
 *(.rel.ctors)
 *(.rela.ctors)
 *(.rel.dtors)
 *(.rela.dtors)
 *(.rel.got)
 *(.rela.got)
 *(.rel.sdata .rel.sdata.* .rel.gnu.linkonce.s.*)
 *(.rela.sdata .rela.sdata.* .rela.gnu.linkonce.s.*)
 *(.rel.sbss .rel.sbss.* .rel.gnu.linkonce.sb.*)
 *(.rela.sbss .rela.sbss.* .rela.gnu.linkonce.sb.*)
 *(.rel.sdata2 .rel.sdata2.* .rel.gnu.linkonce.s2.*)
 *(.rela.sdata2 .rela.sdata2.* .rela.gnu.linkonce.s2.*)
 *(.rel.sbss2 .rel.sbss2.* .rel.gnu.linkonce.sb2.*)
 *(.rela.sbss2 .rela.sbss2.* .rela.gnu.linkonce.sb2.*)
 *(.rel.bss .rel.bss.* .rel.gnu.linkonce.b.*)
 *(.rela.bss .rela.bss.* .rela.gnu.linkonce.b.*)
 *(.rel.plt)
 *(.rela.plt)
 *(.rel.dyn)
 *(.init)
 *(.plt)
 *(.text .stub .text.* .gnu.linkonce.t.*)
 .text          0x00000000100001bc       0x3c ../lab9_app_bsp//obj/HAL/src/crt0.o
                0x00000000100001bc                _start
 .text          0x00000000100001f8      0xd18 obj/default/main.o
                0x00000000100001f8                charToHex
                0x00000000100002b4                charsToHex
                0x000000001000031c                RotWord
                0x0000000010000344                SubWord
                0x00000000100003ec                AddRoundKey
                0x000000001000053c                SubBytes
                0x00000000100005d8                ShiftRows
                0x00000000100006dc                MixColumns
                0x0000000010000a18                AES
                0x0000000010000ac4                KeyExpansion
                0x0000000010000cac                main
 .text          0x0000000010000f10      0x12c c:/altera/15.0/nios2eds/bin/gnu/h-x86_64-mingw32/bin/../lib/gcc/nios2-elf/4.9.1/mno-hw-mul\libgcc.a(lib2-divmod.o)
                0x0000000010000f7c                __divsi3
                0x0000000010000fd0                __modsi3
                0x000000001000102c                __udivsi3
                0x0000000010001034                __umodsi3
 .text          0x000000001000103c       0x28 c:/altera/15.0/nios2eds/bin/gnu/h-x86_64-mingw32/bin/../lib/gcc/nios2-elf/4.9.1/mno-hw-mul\libgcc.a(lib2-mul.o)
                0x000000001000103c                __mulsi3
 .text          0x0000000010001064      0x138 c:/altera/15.0/nios2eds/bin/gnu/h-x86_64-mingw32/bin/../lib/gcc/nios2-elf/4.9.1/../../../../../H-x86_64-mingw32/nios2-elf/lib/mno-hw-mul\libc.a(lib_a-memcpy.o)
                0x0000000010001064                memcpy
 .text          0x000000001000119c       0x68 c:/altera/15.0/nios2eds/bin/gnu/h-x86_64-mingw32/bin/../lib/gcc/nios2-elf/4.9.1/../../../../../H-x86_64-mingw32/nios2-elf/lib/mno-hw-mul\libc.a(lib_a-printf.o)
                0x000000001000119c                _printf_r
                0x00000000100011c8                printf
 .text          0x0000000010001204       0xcc c:/altera/15.0/nios2eds/bin/gnu/h-x86_64-mingw32/bin/../lib/gcc/nios2-elf/4.9.1/../../../../../H-x86_64-mingw32/nios2-elf/lib/mno-hw-mul\libc.a(lib_a-puts.o)
                0x0000000010001204                _puts_r
                0x00000000100012bc                puts
 .text          0x00000000100012d0       0x98 c:/altera/15.0/nios2eds/bin/gnu/h-x86_64-mingw32/bin/../lib/gcc/nios2-elf/4.9.1/../../../../../H-x86_64-mingw32/nios2-elf/lib/mno-hw-mul\libc.a(lib_a-strlen.o)
                0x00000000100012d0                strlen
 .text          0x0000000010001368     0x2120 c:/altera/15.0/nios2eds/bin/gnu/h-x86_64-mingw32/bin/../lib/gcc/nios2-elf/4.9.1/../../../../../H-x86_64-mingw32/nios2-elf/lib/mno-hw-mul\libc.a(lib_a-vfprintf.o)
                0x0000000010001368                ___vfprintf_internal_r
                0x0000000010003464                __vfprintf_internal
 .text          0x0000000010003488      0x130 c:/altera/15.0/nios2eds/bin/gnu/h-x86_64-mingw32/bin/../lib/gcc/nios2-elf/4.9.1/../../../../../H-x86_64-mingw32/nios2-elf/lib/mno-hw-mul\libc.a(lib_a-wsetup.o)
                0x0000000010003488                __swsetup_r
 .text          0x00000000100035b8     0x1950 c:/altera/15.0/nios2eds/bin/gnu/h-x86_64-mingw32/bin/../lib/gcc/nios2-elf/4.9.1/../../../../../H-x86_64-mingw32/nios2-elf/lib/mno-hw-mul\libc.a(lib_a-dtoa.o)
                0x00000000100037e0                _dtoa_r
 .text          0x0000000010004f08      0x258 c:/altera/15.0/nios2eds/bin/gnu/h-x86_64-mingw32/bin/../lib/gcc/nios2-elf/4.9.1/../../../../../H-x86_64-mingw32/nios2-elf/lib/mno-hw-mul\libc.a(lib_a-fflush.o)
                0x0000000010004f08                _fflush_r
                0x0000000010005130                fflush
 .text          0x0000000010005160      0x3b4 c:/altera/15.0/nios2eds/bin/gnu/h-x86_64-mingw32/bin/../lib/gcc/nios2-elf/4.9.1/../../../../../H-x86_64-mingw32/nios2-elf/lib/mno-hw-mul\libc.a(lib_a-findfp.o)
                0x0000000010005170                _cleanup_r
                0x000000001000531c                __sfmoreglue
                0x0000000010005394                __sfp
                0x00000000100054ac                _cleanup
                0x00000000100054c4                __sinit
                0x00000000100054d4                __sfp_lock_acquire
                0x00000000100054d8                __sfp_lock_release
                0x00000000100054dc                __sinit_lock_acquire
                0x00000000100054e0                __sinit_lock_release
                0x00000000100054e4                __fp_lock_all
                0x00000000100054fc                __fp_unlock_all
 .text          0x0000000010005514      0x414 c:/altera/15.0/nios2eds/bin/gnu/h-x86_64-mingw32/bin/../lib/gcc/nios2-elf/4.9.1/../../../../../H-x86_64-mingw32/nios2-elf/lib/mno-hw-mul\libc.a(lib_a-freer.o)
                0x0000000010005514                _malloc_trim_r
                0x0000000010005638                _free_r
 .text          0x0000000010005928      0x4a4 c:/altera/15.0/nios2eds/bin/gnu/h-x86_64-mingw32/bin/../lib/gcc/nios2-elf/4.9.1/../../../../../H-x86_64-mingw32/nios2-elf/lib/mno-hw-mul\libc.a(lib_a-fvwrite.o)
                0x0000000010005928                __sfvwrite_r
 .text          0x0000000010005dcc      0x170 c:/altera/15.0/nios2eds/bin/gnu/h-x86_64-mingw32/bin/../lib/gcc/nios2-elf/4.9.1/../../../../../H-x86_64-mingw32/nios2-elf/lib/mno-hw-mul\libc.a(lib_a-fwalk.o)
                0x0000000010005dcc                _fwalk
                0x0000000010005e84                _fwalk_reent
 .text          0x0000000010005f3c        0x0 c:/altera/15.0/nios2eds/bin/gnu/h-x86_64-mingw32/bin/../lib/gcc/nios2-elf/4.9.1/../../../../../H-x86_64-mingw32/nios2-elf/lib/mno-hw-mul\libc.a(lib_a-impure.o)
 .text          0x0000000010005f3c       0xe0 c:/altera/15.0/nios2eds/bin/gnu/h-x86_64-mingw32/bin/../lib/gcc/nios2-elf/4.9.1/../../../../../H-x86_64-mingw32/nios2-elf/lib/mno-hw-mul\libc.a(lib_a-locale.o)
                0x0000000010005f3c                _setlocale_r
                0x0000000010005fb8                __locale_charset
                0x0000000010005fc4                __locale_mb_cur_max
                0x0000000010005fd4                __locale_msgcharset
                0x0000000010005fe0                __locale_cjk_lang
                0x0000000010005fe8                _localeconv_r
                0x0000000010005ff4                setlocale
                0x0000000010006010                localeconv
 .text          0x000000001000601c      0x1b8 c:/altera/15.0/nios2eds/bin/gnu/h-x86_64-mingw32/bin/../lib/gcc/nios2-elf/4.9.1/../../../../../H-x86_64-mingw32/nios2-elf/lib/mno-hw-mul\libc.a(lib_a-makebuf.o)
                0x000000001000601c                __smakebuf_r
 .text          0x00000000100061d4      0x7a8 c:/altera/15.0/nios2eds/bin/gnu/h-x86_64-mingw32/bin/../lib/gcc/nios2-elf/4.9.1/../../../../../H-x86_64-mingw32/nios2-elf/lib/mno-hw-mul\libc.a(lib_a-mallocr.o)
                0x00000000100061d4                _malloc_r
 .text          0x000000001000697c       0xe8 c:/altera/15.0/nios2eds/bin/gnu/h-x86_64-mingw32/bin/../lib/gcc/nios2-elf/4.9.1/../../../../../H-x86_64-mingw32/nios2-elf/lib/mno-hw-mul\libc.a(lib_a-memchr.o)
                0x000000001000697c                memchr
 .text          0x0000000010006a64      0x15c c:/altera/15.0/nios2eds/bin/gnu/h-x86_64-mingw32/bin/../lib/gcc/nios2-elf/4.9.1/../../../../../H-x86_64-mingw32/nios2-elf/lib/mno-hw-mul\libc.a(lib_a-memmove.o)
                0x0000000010006a64                memmove
 .text          0x0000000010006bc0      0x124 c:/altera/15.0/nios2eds/bin/gnu/h-x86_64-mingw32/bin/../lib/gcc/nios2-elf/4.9.1/../../../../../H-x86_64-mingw32/nios2-elf/lib/mno-hw-mul\libc.a(lib_a-memset.o)
                0x0000000010006bc0                memset
 .text          0x0000000010006ce4     0x1048 c:/altera/15.0/nios2eds/bin/gnu/h-x86_64-mingw32/bin/../lib/gcc/nios2-elf/4.9.1/../../../../../H-x86_64-mingw32/nios2-elf/lib/mno-hw-mul\libc.a(lib_a-mprec.o)
                0x0000000010006ce4                _Balloc
                0x0000000010006d8c                _Bfree
                0x0000000010006db4                __multadd
                0x0000000010006ef0                __s2b
                0x0000000010006ff4                __hi0bits
                0x000000001000705c                __lo0bits
                0x000000001000710c                __i2b
                0x0000000010007148                __multiply
                0x00000000100073d8                __pow5mult
                0x0000000010007518                __lshift
                0x0000000010007660                __mcmp
                0x00000000100076c0                __mdiff
                0x0000000010007858                __ulp
                0x00000000100078b8                __b2d
                0x00000000100079d4                __d2b
                0x0000000010007b10                __ratio
                0x0000000010007bb4                _mprec_log10
                0x0000000010007c28                __copybits
                0x0000000010007ca0                __any_on
 .text          0x0000000010007d2c      0x5a0 c:/altera/15.0/nios2eds/bin/gnu/h-x86_64-mingw32/bin/../lib/gcc/nios2-elf/4.9.1/../../../../../H-x86_64-mingw32/nios2-elf/lib/mno-hw-mul\libc.a(lib_a-reallocr.o)
                0x0000000010007d2c                _realloc_r
 .text          0x00000000100082cc       0x74 c:/altera/15.0/nios2eds/bin/gnu/h-x86_64-mingw32/bin/../lib/gcc/nios2-elf/4.9.1/../../../../../H-x86_64-mingw32/nios2-elf/lib/mno-hw-mul\libc.a(lib_a-s_fpclassify.o)
                0x00000000100082cc                __fpclassifyd
 .text          0x0000000010008340       0x54 c:/altera/15.0/nios2eds/bin/gnu/h-x86_64-mingw32/bin/../lib/gcc/nios2-elf/4.9.1/../../../../../H-x86_64-mingw32/nios2-elf/lib/mno-hw-mul\libc.a(lib_a-sbrkr.o)
                0x0000000010008340                _sbrk_r
 .text          0x0000000010008394      0x13c c:/altera/15.0/nios2eds/bin/gnu/h-x86_64-mingw32/bin/../lib/gcc/nios2-elf/4.9.1/../../../../../H-x86_64-mingw32/nios2-elf/lib/mno-hw-mul\libc.a(lib_a-stdio.o)
                0x0000000010008394                __sread
                0x00000000100083e8                __seofread
                0x00000000100083f0                __swrite
                0x000000001000846c                __sseek
                0x00000000100084c8                __sclose
 .text          0x00000000100084d0       0xa4 c:/altera/15.0/nios2eds/bin/gnu/h-x86_64-mingw32/bin/../lib/gcc/nios2-elf/4.9.1/../../../../../H-x86_64-mingw32/nios2-elf/lib/mno-hw-mul\libc.a(lib_a-strcmp.o)
                0x00000000100084d0                strcmp
 .text          0x0000000010008574     0x155c c:/altera/15.0/nios2eds/bin/gnu/h-x86_64-mingw32/bin/../lib/gcc/nios2-elf/4.9.1/../../../../../H-x86_64-mingw32/nios2-elf/lib/mno-hw-mul\libc.a(lib_a-vfiprintf.o)
                0x0000000010008670                __sprint_r
                0x0000000010008688                ___vfiprintf_internal_r
                0x0000000010009aac                __vfiprintf_internal
 .text          0x0000000010009ad0       0x5c c:/altera/15.0/nios2eds/bin/gnu/h-x86_64-mingw32/bin/../lib/gcc/nios2-elf/4.9.1/../../../../../H-x86_64-mingw32/nios2-elf/lib/mno-hw-mul\libc.a(lib_a-writer.o)
                0x0000000010009ad0                _write_r
 .text          0x0000000010009b2c       0x54 c:/altera/15.0/nios2eds/bin/gnu/h-x86_64-mingw32/bin/../lib/gcc/nios2-elf/4.9.1/../../../../../H-x86_64-mingw32/nios2-elf/lib/mno-hw-mul\libc.a(closer.o)
                0x0000000010009b2c                _close_r
 .text          0x0000000010009b80       0xd8 c:/altera/15.0/nios2eds/bin/gnu/h-x86_64-mingw32/bin/../lib/gcc/nios2-elf/4.9.1/../../../../../H-x86_64-mingw32/nios2-elf/lib/mno-hw-mul\libc.a(lib_a-callocr.o)
                0x0000000010009b80                _calloc_r
 .text          0x0000000010009c58      0x114 c:/altera/15.0/nios2eds/bin/gnu/h-x86_64-mingw32/bin/../lib/gcc/nios2-elf/4.9.1/../../../../../H-x86_64-mingw32/nios2-elf/lib/mno-hw-mul\libc.a(lib_a-fclose.o)
                0x0000000010009c58                _fclose_r
                0x0000000010009d58                fclose
 .text          0x0000000010009d6c      0x1dc c:/altera/15.0/nios2eds/bin/gnu/h-x86_64-mingw32/bin/../lib/gcc/nios2-elf/4.9.1/../../../../../H-x86_64-mingw32/nios2-elf/lib/mno-hw-mul\libc.a(lib_a-fputwc.o)
                0x0000000010009d6c                _fputwc_r
                0x0000000010009ef0                fputwc
 .text          0x0000000010009f48       0x58 c:/altera/15.0/nios2eds/bin/gnu/h-x86_64-mingw32/bin/../lib/gcc/nios2-elf/4.9.1/../../../../../H-x86_64-mingw32/nios2-elf/lib/mno-hw-mul\libc.a(lib_a-fstatr.o)
                0x0000000010009f48                _fstat_r
 .text          0x0000000010009fa0        0x0 c:/altera/15.0/nios2eds/bin/gnu/h-x86_64-mingw32/bin/../lib/gcc/nios2-elf/4.9.1/../../../../../H-x86_64-mingw32/nios2-elf/lib/mno-hw-mul\libc.a(lib_a-int_errno.o)
 .text          0x0000000010009fa0       0x54 c:/altera/15.0/nios2eds/bin/gnu/h-x86_64-mingw32/bin/../lib/gcc/nios2-elf/4.9.1/../../../../../H-x86_64-mingw32/nios2-elf/lib/mno-hw-mul\libc.a(lib_a-isattyr.o)
                0x0000000010009fa0                _isatty_r
 .text          0x0000000010009ff4       0x5c c:/altera/15.0/nios2eds/bin/gnu/h-x86_64-mingw32/bin/../lib/gcc/nios2-elf/4.9.1/../../../../../H-x86_64-mingw32/nios2-elf/lib/mno-hw-mul\libc.a(lib_a-lseekr.o)
                0x0000000010009ff4                _lseek_r
 .text          0x000000001000a050       0x5c c:/altera/15.0/nios2eds/bin/gnu/h-x86_64-mingw32/bin/../lib/gcc/nios2-elf/4.9.1/../../../../../H-x86_64-mingw32/nios2-elf/lib/mno-hw-mul\libc.a(lib_a-readr.o)
                0x000000001000a050                _read_r
 .text          0x000000001000a0ac      0x170 c:/altera/15.0/nios2eds/bin/gnu/h-x86_64-mingw32/bin/../lib/gcc/nios2-elf/4.9.1/../../../../../H-x86_64-mingw32/nios2-elf/lib/mno-hw-mul\libc.a(lib_a-wbuf.o)
                0x000000001000a0ac                __swbuf_r
                0x000000001000a200                __swbuf
 .text          0x000000001000a21c      0x174 c:/altera/15.0/nios2eds/bin/gnu/h-x86_64-mingw32/bin/../lib/gcc/nios2-elf/4.9.1/../../../../../H-x86_64-mingw32/nios2-elf/lib/mno-hw-mul\libc.a(lib_a-wcrtomb.o)
                0x000000001000a21c                _wcrtomb_r
                0x000000001000a2b8                wcrtomb
 .text          0x000000001000a390       0x8c c:/altera/15.0/nios2eds/bin/gnu/h-x86_64-mingw32/bin/../lib/gcc/nios2-elf/4.9.1/../../../../../H-x86_64-mingw32/nios2-elf/lib/mno-hw-mul\libc.a(lib_a-wctomb_r.o)
                0x000000001000a390                __ascii_wctomb
                0x000000001000a3c0                _wctomb_r
 .text          0x000000001000a41c      0x640 c:/altera/15.0/nios2eds/bin/gnu/h-x86_64-mingw32/bin/../lib/gcc/nios2-elf/4.9.1/mno-hw-mul\libgcc.a(_udivdi3.o)
                0x000000001000a41c                __udivdi3
 .text          0x000000001000aa5c      0x61c c:/altera/15.0/nios2eds/bin/gnu/h-x86_64-mingw32/bin/../lib/gcc/nios2-elf/4.9.1/mno-hw-mul\libgcc.a(_umoddi3.o)
                0x000000001000aa5c                __umoddi3
 .text          0x000000001000b078      0x89c c:/altera/15.0/nios2eds/bin/gnu/h-x86_64-mingw32/bin/../lib/gcc/nios2-elf/4.9.1/mno-hw-mul\libgcc.a(adddf3.o)
                0x000000001000b078                __adddf3
 .text          0x000000001000b914      0x980 c:/altera/15.0/nios2eds/bin/gnu/h-x86_64-mingw32/bin/../lib/gcc/nios2-elf/4.9.1/mno-hw-mul\libgcc.a(divdf3.o)
                0x000000001000b914                __divdf3
 .text          0x000000001000c294       0x84 c:/altera/15.0/nios2eds/bin/gnu/h-x86_64-mingw32/bin/../lib/gcc/nios2-elf/4.9.1/mno-hw-mul\libgcc.a(eqdf2.o)
                0x000000001000c294                __nedf2
                0x000000001000c294                __eqdf2
 .text          0x000000001000c318       0xe0 c:/altera/15.0/nios2eds/bin/gnu/h-x86_64-mingw32/bin/../lib/gcc/nios2-elf/4.9.1/mno-hw-mul\libgcc.a(gedf2.o)
                0x000000001000c318                __gedf2
                0x000000001000c318                __gtdf2
 .text          0x000000001000c3f8       0xe0 c:/altera/15.0/nios2eds/bin/gnu/h-x86_64-mingw32/bin/../lib/gcc/nios2-elf/4.9.1/mno-hw-mul\libgcc.a(ledf2.o)
                0x000000001000c3f8                __ledf2
                0x000000001000c3f8                __ltdf2
 .text          0x000000001000c4d8      0x86c c:/altera/15.0/nios2eds/bin/gnu/h-x86_64-mingw32/bin/../lib/gcc/nios2-elf/4.9.1/mno-hw-mul\libgcc.a(muldf3.o)
                0x000000001000c4d8                __muldf3
 .text          0x000000001000cd44      0x8d0 c:/altera/15.0/nios2eds/bin/gnu/h-x86_64-mingw32/bin/../lib/gcc/nios2-elf/4.9.1/mno-hw-mul\libgcc.a(subdf3.o)
                0x000000001000cd44                __subdf3
 .text          0x000000001000d614       0x88 c:/altera/15.0/nios2eds/bin/gnu/h-x86_64-mingw32/bin/../lib/gcc/nios2-elf/4.9.1/mno-hw-mul\libgcc.a(fixdfsi.o)
                0x000000001000d614                __fixdfsi
 .text          0x000000001000d69c       0xd0 c:/altera/15.0/nios2eds/bin/gnu/h-x86_64-mingw32/bin/../lib/gcc/nios2-elf/4.9.1/mno-hw-mul\libgcc.a(floatsidf.o)
                0x000000001000d69c                __floatsidf
 .text          0x000000001000d76c       0xa4 c:/altera/15.0/nios2eds/bin/gnu/h-x86_64-mingw32/bin/../lib/gcc/nios2-elf/4.9.1/mno-hw-mul\libgcc.a(floatunsidf.o)
                0x000000001000d76c                __floatunsidf
 .text          0x000000001000d810        0x0 c:/altera/15.0/nios2eds/bin/gnu/h-x86_64-mingw32/bin/../lib/gcc/nios2-elf/4.9.1/mno-hw-mul\libgcc.a(_clz.o)
 .text          0x000000001000d810       0x64 c:/altera/15.0/nios2eds/bin/gnu/h-x86_64-mingw32/bin/../lib/gcc/nios2-elf/4.9.1/mno-hw-mul\libgcc.a(_clzsi2.o)
                0x000000001000d810                __clzsi2
 .text          0x000000001000d874      0x128 ../lab9_app_bsp/\libhal_bsp.a(alt_close.o)
                0x000000001000d8c4                close
 .text          0x000000001000d99c       0x2c ../lab9_app_bsp/\libhal_bsp.a(alt_dev.o)
 .text          0x000000001000d9c8        0x0 ../lab9_app_bsp/\libhal_bsp.a(alt_errno.o)
 .text          0x000000001000d9c8      0x108 ../lab9_app_bsp/\libhal_bsp.a(alt_fstat.o)
                0x000000001000da18                fstat
 .text          0x000000001000dad0       0xfc ../lab9_app_bsp/\libhal_bsp.a(alt_isatty.o)
                0x000000001000db20                isatty
 .text          0x000000001000dbcc       0xe4 ../lab9_app_bsp/\libhal_bsp.a(alt_load.o)
                0x000000001000dc30                alt_load
 .text          0x000000001000dcb0      0x12c ../lab9_app_bsp/\libhal_bsp.a(alt_lseek.o)
                0x000000001000dd00                lseek
 .text          0x000000001000dddc       0x78 ../lab9_app_bsp/\libhal_bsp.a(alt_main.o)
                0x000000001000dddc                alt_main
 .text          0x000000001000de54       0x40 ../lab9_app_bsp/\libhal_bsp.a(alt_malloc_lock.o)
                0x000000001000de54                __malloc_lock
                0x000000001000de74                __malloc_unlock
 .text          0x000000001000de94      0x154 ../lab9_app_bsp/\libhal_bsp.a(alt_read.o)
                0x000000001000dee4                read
 .text          0x000000001000dfe8       0x80 ../lab9_app_bsp/\libhal_bsp.a(alt_release_fd.o)
                0x000000001000dfe8                alt_release_fd
 .text          0x000000001000e068       0xb0 ../lab9_app_bsp/\libhal_bsp.a(alt_sbrk.o)
                0x000000001000e068                sbrk
 .text          0x000000001000e118      0x150 ../lab9_app_bsp/\libhal_bsp.a(alt_write.o)
                0x000000001000e168                write
 .text          0x000000001000e268       0xb4 ../lab9_app_bsp/\libhal_bsp.a(alt_sys_init.o)
                0x000000001000e2a0                alt_irq_init
                0x000000001000e2d4                alt_sys_init
 .text          0x000000001000e31c      0x164 ../lab9_app_bsp/\libhal_bsp.a(altera_avalon_jtag_uart_fd.o)
                0x000000001000e31c                altera_avalon_jtag_uart_read_fd
                0x000000001000e37c                altera_avalon_jtag_uart_write_fd
                0x000000001000e3dc                altera_avalon_jtag_uart_close_fd
                0x000000001000e42c                altera_avalon_jtag_uart_ioctl_fd
 .text          0x000000001000e480      0x3d8 ../lab9_app_bsp/\libhal_bsp.a(altera_avalon_jtag_uart_init.o)
                0x000000001000e480                altera_avalon_jtag_uart_init
                0x000000001000e7f0                altera_avalon_jtag_uart_close
 .text          0x000000001000e858       0xec ../lab9_app_bsp/\libhal_bsp.a(altera_avalon_jtag_uart_ioctl.o)
                0x000000001000e858                altera_avalon_jtag_uart_ioctl
 .text          0x000000001000e944      0x20c ../lab9_app_bsp/\libhal_bsp.a(altera_avalon_jtag_uart_read.o)
                0x000000001000e944                altera_avalon_jtag_uart_read
 .text          0x000000001000eb50      0x218 ../lab9_app_bsp/\libhal_bsp.a(altera_avalon_jtag_uart_write.o)
                0x000000001000eb50                altera_avalon_jtag_uart_write
 .text          0x000000001000ed68      0x140 ../lab9_app_bsp/\libhal_bsp.a(alt_alarm_start.o)
                0x000000001000ed68                alt_alarm_start
 .text          0x000000001000eea8       0x1c ../lab9_app_bsp/\libhal_bsp.a(alt_dcache_flush_all.o)
                0x000000001000eea8                alt_dcache_flush_all
 .text          0x000000001000eec4       0xf4 ../lab9_app_bsp/\libhal_bsp.a(alt_dev_llist_insert.o)
                0x000000001000ef14                alt_dev_llist_insert
 .text          0x000000001000efb8       0x5c ../lab9_app_bsp/\libhal_bsp.a(alt_do_ctors.o)
                0x000000001000efb8                _do_ctors
 .text          0x000000001000f014       0x5c ../lab9_app_bsp/\libhal_bsp.a(alt_do_dtors.o)
                0x000000001000f014                _do_dtors
 .text          0x000000001000f070       0x1c ../lab9_app_bsp/\libhal_bsp.a(alt_icache_flush_all.o)
                0x000000001000f070                alt_icache_flush_all
 .text          0x000000001000f08c      0x1e0 ../lab9_app_bsp/\libhal_bsp.a(alt_iic.o)
                0x000000001000f08c                alt_ic_isr_register
                0x000000001000f0dc                alt_ic_irq_enable
                0x000000001000f17c                alt_ic_irq_disable
                0x000000001000f220                alt_ic_irq_enabled
 .text          0x000000001000f26c       0xf0 ../lab9_app_bsp/\libhal_bsp.a(alt_iic_isr_register.o)
                0x000000001000f26c                alt_iic_isr_register
 .text          0x000000001000f35c      0x158 ../lab9_app_bsp/\libhal_bsp.a(alt_io_redirect.o)
                0x000000001000f43c                alt_io_redirect
 .text          0x000000001000f4b4        0x0 ../lab9_app_bsp/\libhal_bsp.a(alt_irq_entry.o)
 .text          0x000000001000f4b4        0x0 ../lab9_app_bsp/\libhal_bsp.a(alt_irq_handler.o)
 .text          0x000000001000f4b4        0x0 ../lab9_app_bsp/\libhal_bsp.a(alt_irq_vars.o)
 .text          0x000000001000f4b4      0x2a4 ../lab9_app_bsp/\libhal_bsp.a(alt_open.o)
                0x000000001000f5f8                open
 .text          0x000000001000f758      0x19c ../lab9_app_bsp/\libhal_bsp.a(alt_tick.o)
                0x000000001000f758                alt_alarm_stop
                0x000000001000f7f0                alt_tick
 .text          0x000000001000f8f4       0x20 ../lab9_app_bsp/\libhal_bsp.a(altera_nios2_qsys_irq.o)
                0x000000001000f8f4                altera_nios2_qsys_irq_init
 .text          0x000000001000f914        0x0 ../lab9_app_bsp/\libhal_bsp.a(alt_exception_entry.o)
 .text          0x000000001000f914       0x90 ../lab9_app_bsp/\libhal_bsp.a(alt_find_dev.o)
                0x000000001000f914                alt_find_dev
 .text          0x000000001000f9a4      0x114 ../lab9_app_bsp/\libhal_bsp.a(alt_find_file.o)
                0x000000001000f9a4                alt_find_file
 .text          0x000000001000fab8       0xd4 ../lab9_app_bsp/\libhal_bsp.a(alt_get_fd.o)
                0x000000001000fab8                alt_get_fd
 .text          0x000000001000fb8c       0x14 c:/altera/15.0/nios2eds/bin/gnu/h-x86_64-mingw32/bin/../lib/gcc/nios2-elf/4.9.1/../../../../../H-x86_64-mingw32/nios2-elf/lib/mno-hw-mul\libc.a(lib_a-atexit.o)
                0x000000001000fb8c                atexit
 .text          0x000000001000fba0       0x38 c:/altera/15.0/nios2eds/bin/gnu/h-x86_64-mingw32/bin/../lib/gcc/nios2-elf/4.9.1/../../../../../H-x86_64-mingw32/nios2-elf/lib/mno-hw-mul\libc.a(lib_a-exit.o)
                0x000000001000fba0                exit
 .text          0x000000001000fbd8       0x7c c:/altera/15.0/nios2eds/bin/gnu/h-x86_64-mingw32/bin/../lib/gcc/nios2-elf/4.9.1/../../../../../H-x86_64-mingw32/nios2-elf/lib/mno-hw-mul\libc.a(lib_a-memcmp.o)
                0x000000001000fbd8                memcmp
 .text          0x000000001000fc54      0x114 c:/altera/15.0/nios2eds/bin/gnu/h-x86_64-mingw32/bin/../lib/gcc/nios2-elf/4.9.1/../../../../../H-x86_64-mingw32/nios2-elf/lib/mno-hw-mul\libc.a(lib_a-__atexit.o)
                0x000000001000fc54                __register_exitproc
 .text          0x000000001000fd68      0x194 c:/altera/15.0/nios2eds/bin/gnu/h-x86_64-mingw32/bin/../lib/gcc/nios2-elf/4.9.1/../../../../../H-x86_64-mingw32/nios2-elf/lib/mno-hw-mul\libc.a(lib_a-__call_atexit.o)
                0x000000001000fd68                __call_exitprocs
 .text          0x000000001000fefc       0x34 ../lab9_app_bsp/\libhal_bsp.a(alt_exit.o)
                0x000000001000fefc                _exit
 *(.gnu.warning.*)
 *(.fini)
                0x000000001000ff30                PROVIDE (__etext, ABSOLUTE (.))
                0x000000001000ff30                PROVIDE (_etext, ABSOLUTE (.))
                0x000000001000ff30                PROVIDE (etext, ABSOLUTE (.))
 *(.eh_frame_hdr)
                0x000000001000ff30                . = ALIGN (0x4)
                0x000000001000ff30                PROVIDE (__preinit_array_start, ABSOLUTE (.))
 *(.preinit_array)
                0x000000001000ff30                PROVIDE (__preinit_array_end, ABSOLUTE (.))
                0x000000001000ff30                PROVIDE (__init_array_start, ABSOLUTE (.))
 *(.init_array)
                0x000000001000ff30                PROVIDE (__init_array_end, ABSOLUTE (.))
                0x000000001000ff30                PROVIDE (__fini_array_start, ABSOLUTE (.))
 *(.fini_array)
                0x000000001000ff30                PROVIDE (__fini_array_end, ABSOLUTE (.))
 *(.eh_frame)
 *(.gcc_except_table .gcc_except_table.*)
 *(.dynamic)
                0x000000001000ff30                PROVIDE (__CTOR_LIST__, ABSOLUTE (.))
 *(.ctors)
 *(SORT(.ctors.*))
                0x000000001000ff30                PROVIDE (__CTOR_END__, ABSOLUTE (.))
                0x000000001000ff30                PROVIDE (__DTOR_LIST__, ABSOLUTE (.))
 *(.dtors)
 *(SORT(.dtors.*))
                0x000000001000ff30                PROVIDE (__DTOR_END__, ABSOLUTE (.))
 *(.jcr)
                0x000000001000ff30                . = ALIGN (0x4)

.rodata         0x000000001000ff30      0x558
                0x000000001000ff30                PROVIDE (__ram_rodata_start, ABSOLUTE (.))
                0x000000001000ff30                . = ALIGN (0x4)
 *(.rodata .rodata.* .gnu.linkonce.r.*)
 .rodata        0x000000001000ff30      0x258 obj/default/main.o
                0x000000001000ff30                aes_sbox
                0x0000000010010030                aes_invsbox
 .rodata.str1.4
                0x0000000010010188        0x2 c:/altera/15.0/nios2eds/bin/gnu/h-x86_64-mingw32/bin/../lib/gcc/nios2-elf/4.9.1/../../../../../H-x86_64-mingw32/nios2-elf/lib/mno-hw-mul\libc.a(lib_a-puts.o)
                                          0x4 (size before relaxing)
 *fill*         0x000000001001018a        0x2 
 .rodata.str1.4
                0x000000001001018c       0x42 c:/altera/15.0/nios2eds/bin/gnu/h-x86_64-mingw32/bin/../lib/gcc/nios2-elf/4.9.1/../../../../../H-x86_64-mingw32/nios2-elf/lib/mno-hw-mul\libc.a(lib_a-vfprintf.o)
                                         0x44 (size before relaxing)
 .rodata        0x00000000100101ce       0x20 c:/altera/15.0/nios2eds/bin/gnu/h-x86_64-mingw32/bin/../lib/gcc/nios2-elf/4.9.1/../../../../../H-x86_64-mingw32/nios2-elf/lib/mno-hw-mul\libc.a(lib_a-vfprintf.o)
 *fill*         0x00000000100101ee        0x2 
 .rodata.str1.4
                0x00000000100101f0       0x10 c:/altera/15.0/nios2eds/bin/gnu/h-x86_64-mingw32/bin/../lib/gcc/nios2-elf/4.9.1/../../../../../H-x86_64-mingw32/nios2-elf/lib/mno-hw-mul\libc.a(lib_a-dtoa.o)
                                         0x14 (size before relaxing)
 .rodata.str1.4
                0x0000000010010200        0x2 c:/altera/15.0/nios2eds/bin/gnu/h-x86_64-mingw32/bin/../lib/gcc/nios2-elf/4.9.1/../../../../../H-x86_64-mingw32/nios2-elf/lib/mno-hw-mul\libc.a(lib_a-impure.o)
                                          0x4 (size before relaxing)
 *fill*         0x0000000010010202        0x2 
 .rodata.str1.4
                0x0000000010010204        0xc c:/altera/15.0/nios2eds/bin/gnu/h-x86_64-mingw32/bin/../lib/gcc/nios2-elf/4.9.1/../../../../../H-x86_64-mingw32/nios2-elf/lib/mno-hw-mul\libc.a(lib_a-locale.o)
                                         0x14 (size before relaxing)
 .rodata        0x0000000010010210      0x124 c:/altera/15.0/nios2eds/bin/gnu/h-x86_64-mingw32/bin/../lib/gcc/nios2-elf/4.9.1/../../../../../H-x86_64-mingw32/nios2-elf/lib/mno-hw-mul\libc.a(lib_a-mprec.o)
                0x000000001001021c                __mprec_tinytens
                0x0000000010010244                __mprec_bigtens
                0x000000001001026c                __mprec_tens
 .rodata.str1.4
                0x0000000000000000       0x30 c:/altera/15.0/nios2eds/bin/gnu/h-x86_64-mingw32/bin/../lib/gcc/nios2-elf/4.9.1/../../../../../H-x86_64-mingw32/nios2-elf/lib/mno-hw-mul\libc.a(lib_a-vfiprintf.o)
 .rodata        0x0000000010010334       0x20 c:/altera/15.0/nios2eds/bin/gnu/h-x86_64-mingw32/bin/../lib/gcc/nios2-elf/4.9.1/../../../../../H-x86_64-mingw32/nios2-elf/lib/mno-hw-mul\libc.a(lib_a-vfiprintf.o)
 .rodata        0x0000000010010354      0x100 c:/altera/15.0/nios2eds/bin/gnu/h-x86_64-mingw32/bin/../lib/gcc/nios2-elf/4.9.1/mno-hw-mul\libgcc.a(_clz.o)
                0x0000000010010354                __clz_tab
 .rodata        0x0000000010010454        0xc ../lab9_app_bsp/\libhal_bsp.a(alt_dev.o)
 .rodata        0x0000000010010460       0x14 ../lab9_app_bsp/\libhal_bsp.a(alt_main.o)
 .rodata        0x0000000010010474       0x14 ../lab9_app_bsp/\libhal_bsp.a(alt_sys_init.o)
 *(.rodata1)
                0x0000000010010488                . = ALIGN (0x4)
                0x0000000010010488                PROVIDE (__ram_rodata_end, ABSOLUTE (.))
                0x000000001000ff30                PROVIDE (__flash_rodata_start, LOADADDR (.rodata))

.rwdata         0x0000000010010488     0x2128 load address 0x00000000100125b0
                0x0000000010010488                PROVIDE (__ram_rwdata_start, ABSOLUTE (.))
                0x0000000010010488                . = ALIGN (0x4)
 *(.got.plt)
 *(.got)
 *(.data1)
 *(.data .data.* .gnu.linkonce.d.*)
 .data          0x0000000010010488        0x0 ../lab9_app_bsp//obj/HAL/src/crt0.o
 .data          0x0000000010010488      0x63c obj/default/main.o
                0x0000000010010488                gf_mul
                0x0000000010010a88                Rcon
 .data          0x0000000010010ac4        0x0 c:/altera/15.0/nios2eds/bin/gnu/h-x86_64-mingw32/bin/../lib/gcc/nios2-elf/4.9.1/mno-hw-mul\libgcc.a(lib2-divmod.o)
 .data          0x0000000010010ac4        0x0 c:/altera/15.0/nios2eds/bin/gnu/h-x86_64-mingw32/bin/../lib/gcc/nios2-elf/4.9.1/mno-hw-mul\libgcc.a(lib2-mul.o)
 .data          0x0000000010010ac4        0x0 c:/altera/15.0/nios2eds/bin/gnu/h-x86_64-mingw32/bin/../lib/gcc/nios2-elf/4.9.1/../../../../../H-x86_64-mingw32/nios2-elf/lib/mno-hw-mul\libc.a(lib_a-memcpy.o)
 .data          0x0000000010010ac4        0x0 c:/altera/15.0/nios2eds/bin/gnu/h-x86_64-mingw32/bin/../lib/gcc/nios2-elf/4.9.1/../../../../../H-x86_64-mingw32/nios2-elf/lib/mno-hw-mul\libc.a(lib_a-printf.o)
 .data          0x0000000010010ac4        0x0 c:/altera/15.0/nios2eds/bin/gnu/h-x86_64-mingw32/bin/../lib/gcc/nios2-elf/4.9.1/../../../../../H-x86_64-mingw32/nios2-elf/lib/mno-hw-mul\libc.a(lib_a-puts.o)
 .data          0x0000000010010ac4        0x0 c:/altera/15.0/nios2eds/bin/gnu/h-x86_64-mingw32/bin/../lib/gcc/nios2-elf/4.9.1/../../../../../H-x86_64-mingw32/nios2-elf/lib/mno-hw-mul\libc.a(lib_a-strlen.o)
 .data          0x0000000010010ac4        0x0 c:/altera/15.0/nios2eds/bin/gnu/h-x86_64-mingw32/bin/../lib/gcc/nios2-elf/4.9.1/../../../../../H-x86_64-mingw32/nios2-elf/lib/mno-hw-mul\libc.a(lib_a-vfprintf.o)
 .data          0x0000000010010ac4        0x0 c:/altera/15.0/nios2eds/bin/gnu/h-x86_64-mingw32/bin/../lib/gcc/nios2-elf/4.9.1/../../../../../H-x86_64-mingw32/nios2-elf/lib/mno-hw-mul\libc.a(lib_a-wsetup.o)
 .data          0x0000000010010ac4        0x0 c:/altera/15.0/nios2eds/bin/gnu/h-x86_64-mingw32/bin/../lib/gcc/nios2-elf/4.9.1/../../../../../H-x86_64-mingw32/nios2-elf/lib/mno-hw-mul\libc.a(lib_a-dtoa.o)
 .data          0x0000000010010ac4        0x0 c:/altera/15.0/nios2eds/bin/gnu/h-x86_64-mingw32/bin/../lib/gcc/nios2-elf/4.9.1/../../../../../H-x86_64-mingw32/nios2-elf/lib/mno-hw-mul\libc.a(lib_a-fflush.o)
 .data          0x0000000010010ac4        0x0 c:/altera/15.0/nios2eds/bin/gnu/h-x86_64-mingw32/bin/../lib/gcc/nios2-elf/4.9.1/../../../../../H-x86_64-mingw32/nios2-elf/lib/mno-hw-mul\libc.a(lib_a-findfp.o)
 .data          0x0000000010010ac4        0x0 c:/altera/15.0/nios2eds/bin/gnu/h-x86_64-mingw32/bin/../lib/gcc/nios2-elf/4.9.1/../../../../../H-x86_64-mingw32/nios2-elf/lib/mno-hw-mul\libc.a(lib_a-freer.o)
 .data          0x0000000010010ac4        0x0 c:/altera/15.0/nios2eds/bin/gnu/h-x86_64-mingw32/bin/../lib/gcc/nios2-elf/4.9.1/../../../../../H-x86_64-mingw32/nios2-elf/lib/mno-hw-mul\libc.a(lib_a-fvwrite.o)
 .data          0x0000000010010ac4        0x0 c:/altera/15.0/nios2eds/bin/gnu/h-x86_64-mingw32/bin/../lib/gcc/nios2-elf/4.9.1/../../../../../H-x86_64-mingw32/nios2-elf/lib/mno-hw-mul\libc.a(lib_a-fwalk.o)
 .data          0x0000000010010ac4      0x424 c:/altera/15.0/nios2eds/bin/gnu/h-x86_64-mingw32/bin/../lib/gcc/nios2-elf/4.9.1/../../../../../H-x86_64-mingw32/nios2-elf/lib/mno-hw-mul\libc.a(lib_a-impure.o)
 .data          0x0000000010010ee8       0x78 c:/altera/15.0/nios2eds/bin/gnu/h-x86_64-mingw32/bin/../lib/gcc/nios2-elf/4.9.1/../../../../../H-x86_64-mingw32/nios2-elf/lib/mno-hw-mul\libc.a(lib_a-locale.o)
 .data          0x0000000010010f60        0x0 c:/altera/15.0/nios2eds/bin/gnu/h-x86_64-mingw32/bin/../lib/gcc/nios2-elf/4.9.1/../../../../../H-x86_64-mingw32/nios2-elf/lib/mno-hw-mul\libc.a(lib_a-makebuf.o)
 .data          0x0000000010010f60      0x408 c:/altera/15.0/nios2eds/bin/gnu/h-x86_64-mingw32/bin/../lib/gcc/nios2-elf/4.9.1/../../../../../H-x86_64-mingw32/nios2-elf/lib/mno-hw-mul\libc.a(lib_a-mallocr.o)
                0x0000000010010f60                __malloc_av_
 .data          0x0000000010011368        0x0 c:/altera/15.0/nios2eds/bin/gnu/h-x86_64-mingw32/bin/../lib/gcc/nios2-elf/4.9.1/../../../../../H-x86_64-mingw32/nios2-elf/lib/mno-hw-mul\libc.a(lib_a-memchr.o)
 .data          0x0000000010011368        0x0 c:/altera/15.0/nios2eds/bin/gnu/h-x86_64-mingw32/bin/../lib/gcc/nios2-elf/4.9.1/../../../../../H-x86_64-mingw32/nios2-elf/lib/mno-hw-mul\libc.a(lib_a-memmove.o)
 .data          0x0000000010011368        0x0 c:/altera/15.0/nios2eds/bin/gnu/h-x86_64-mingw32/bin/../lib/gcc/nios2-elf/4.9.1/../../../../../H-x86_64-mingw32/nios2-elf/lib/mno-hw-mul\libc.a(lib_a-memset.o)
 .data          0x0000000010011368        0x0 c:/altera/15.0/nios2eds/bin/gnu/h-x86_64-mingw32/bin/../lib/gcc/nios2-elf/4.9.1/../../../../../H-x86_64-mingw32/nios2-elf/lib/mno-hw-mul\libc.a(lib_a-mprec.o)
 .data          0x0000000010011368        0x0 c:/altera/15.0/nios2eds/bin/gnu/h-x86_64-mingw32/bin/../lib/gcc/nios2-elf/4.9.1/../../../../../H-x86_64-mingw32/nios2-elf/lib/mno-hw-mul\libc.a(lib_a-reallocr.o)
 .data          0x0000000010011368        0x0 c:/altera/15.0/nios2eds/bin/gnu/h-x86_64-mingw32/bin/../lib/gcc/nios2-elf/4.9.1/../../../../../H-x86_64-mingw32/nios2-elf/lib/mno-hw-mul\libc.a(lib_a-s_fpclassify.o)
 .data          0x0000000010011368        0x0 c:/altera/15.0/nios2eds/bin/gnu/h-x86_64-mingw32/bin/../lib/gcc/nios2-elf/4.9.1/../../../../../H-x86_64-mingw32/nios2-elf/lib/mno-hw-mul\libc.a(lib_a-sbrkr.o)
 .data          0x0000000010011368        0x0 c:/altera/15.0/nios2eds/bin/gnu/h-x86_64-mingw32/bin/../lib/gcc/nios2-elf/4.9.1/../../../../../H-x86_64-mingw32/nios2-elf/lib/mno-hw-mul\libc.a(lib_a-stdio.o)
 .data          0x0000000010011368        0x0 c:/altera/15.0/nios2eds/bin/gnu/h-x86_64-mingw32/bin/../lib/gcc/nios2-elf/4.9.1/../../../../../H-x86_64-mingw32/nios2-elf/lib/mno-hw-mul\libc.a(lib_a-strcmp.o)
 .data          0x0000000010011368        0x0 c:/altera/15.0/nios2eds/bin/gnu/h-x86_64-mingw32/bin/../lib/gcc/nios2-elf/4.9.1/../../../../../H-x86_64-mingw32/nios2-elf/lib/mno-hw-mul\libc.a(lib_a-vfiprintf.o)
 .data          0x0000000010011368        0x0 c:/altera/15.0/nios2eds/bin/gnu/h-x86_64-mingw32/bin/../lib/gcc/nios2-elf/4.9.1/../../../../../H-x86_64-mingw32/nios2-elf/lib/mno-hw-mul\libc.a(lib_a-writer.o)
 .data          0x0000000010011368        0x0 c:/altera/15.0/nios2eds/bin/gnu/h-x86_64-mingw32/bin/../lib/gcc/nios2-elf/4.9.1/../../../../../H-x86_64-mingw32/nios2-elf/lib/mno-hw-mul\libc.a(closer.o)
 .data          0x0000000010011368        0x0 c:/altera/15.0/nios2eds/bin/gnu/h-x86_64-mingw32/bin/../lib/gcc/nios2-elf/4.9.1/../../../../../H-x86_64-mingw32/nios2-elf/lib/mno-hw-mul\libc.a(lib_a-callocr.o)
 .data          0x0000000010011368        0x0 c:/altera/15.0/nios2eds/bin/gnu/h-x86_64-mingw32/bin/../lib/gcc/nios2-elf/4.9.1/../../../../../H-x86_64-mingw32/nios2-elf/lib/mno-hw-mul\libc.a(lib_a-fclose.o)
 .data          0x0000000010011368        0x0 c:/altera/15.0/nios2eds/bin/gnu/h-x86_64-mingw32/bin/../lib/gcc/nios2-elf/4.9.1/../../../../../H-x86_64-mingw32/nios2-elf/lib/mno-hw-mul\libc.a(lib_a-fputwc.o)
 .data          0x0000000010011368        0x0 c:/altera/15.0/nios2eds/bin/gnu/h-x86_64-mingw32/bin/../lib/gcc/nios2-elf/4.9.1/../../../../../H-x86_64-mingw32/nios2-elf/lib/mno-hw-mul\libc.a(lib_a-fstatr.o)
 .data          0x0000000010011368        0x0 c:/altera/15.0/nios2eds/bin/gnu/h-x86_64-mingw32/bin/../lib/gcc/nios2-elf/4.9.1/../../../../../H-x86_64-mingw32/nios2-elf/lib/mno-hw-mul\libc.a(lib_a-int_errno.o)
 .data          0x0000000010011368        0x0 c:/altera/15.0/nios2eds/bin/gnu/h-x86_64-mingw32/bin/../lib/gcc/nios2-elf/4.9.1/../../../../../H-x86_64-mingw32/nios2-elf/lib/mno-hw-mul\libc.a(lib_a-isattyr.o)
 .data          0x0000000010011368        0x0 c:/altera/15.0/nios2eds/bin/gnu/h-x86_64-mingw32/bin/../lib/gcc/nios2-elf/4.9.1/../../../../../H-x86_64-mingw32/nios2-elf/lib/mno-hw-mul\libc.a(lib_a-lseekr.o)
 .data          0x0000000010011368        0x0 c:/altera/15.0/nios2eds/bin/gnu/h-x86_64-mingw32/bin/../lib/gcc/nios2-elf/4.9.1/../../../../../H-x86_64-mingw32/nios2-elf/lib/mno-hw-mul\libc.a(lib_a-readr.o)
 .data          0x0000000010011368        0x0 c:/altera/15.0/nios2eds/bin/gnu/h-x86_64-mingw32/bin/../lib/gcc/nios2-elf/4.9.1/../../../../../H-x86_64-mingw32/nios2-elf/lib/mno-hw-mul\libc.a(lib_a-wbuf.o)
 .data          0x0000000010011368        0x0 c:/altera/15.0/nios2eds/bin/gnu/h-x86_64-mingw32/bin/../lib/gcc/nios2-elf/4.9.1/../../../../../H-x86_64-mingw32/nios2-elf/lib/mno-hw-mul\libc.a(lib_a-wcrtomb.o)
 .data          0x0000000010011368        0x0 c:/altera/15.0/nios2eds/bin/gnu/h-x86_64-mingw32/bin/../lib/gcc/nios2-elf/4.9.1/../../../../../H-x86_64-mingw32/nios2-elf/lib/mno-hw-mul\libc.a(lib_a-wctomb_r.o)
 .data          0x0000000010011368        0x0 c:/altera/15.0/nios2eds/bin/gnu/h-x86_64-mingw32/bin/../lib/gcc/nios2-elf/4.9.1/mno-hw-mul\libgcc.a(_udivdi3.o)
 .data          0x0000000010011368        0x0 c:/altera/15.0/nios2eds/bin/gnu/h-x86_64-mingw32/bin/../lib/gcc/nios2-elf/4.9.1/mno-hw-mul\libgcc.a(_umoddi3.o)
 .data          0x0000000010011368        0x0 c:/altera/15.0/nios2eds/bin/gnu/h-x86_64-mingw32/bin/../lib/gcc/nios2-elf/4.9.1/mno-hw-mul\libgcc.a(adddf3.o)
 .data          0x0000000010011368        0x0 c:/altera/15.0/nios2eds/bin/gnu/h-x86_64-mingw32/bin/../lib/gcc/nios2-elf/4.9.1/mno-hw-mul\libgcc.a(divdf3.o)
 .data          0x0000000010011368        0x0 c:/altera/15.0/nios2eds/bin/gnu/h-x86_64-mingw32/bin/../lib/gcc/nios2-elf/4.9.1/mno-hw-mul\libgcc.a(eqdf2.o)
 .data          0x0000000010011368        0x0 c:/altera/15.0/nios2eds/bin/gnu/h-x86_64-mingw32/bin/../lib/gcc/nios2-elf/4.9.1/mno-hw-mul\libgcc.a(gedf2.o)
 .data          0x0000000010011368        0x0 c:/altera/15.0/nios2eds/bin/gnu/h-x86_64-mingw32/bin/../lib/gcc/nios2-elf/4.9.1/mno-hw-mul\libgcc.a(ledf2.o)
 .data          0x0000000010011368        0x0 c:/altera/15.0/nios2eds/bin/gnu/h-x86_64-mingw32/bin/../lib/gcc/nios2-elf/4.9.1/mno-hw-mul\libgcc.a(muldf3.o)
 .data          0x0000000010011368        0x0 c:/altera/15.0/nios2eds/bin/gnu/h-x86_64-mingw32/bin/../lib/gcc/nios2-elf/4.9.1/mno-hw-mul\libgcc.a(subdf3.o)
 .data          0x0000000010011368        0x0 c:/altera/15.0/nios2eds/bin/gnu/h-x86_64-mingw32/bin/../lib/gcc/nios2-elf/4.9.1/mno-hw-mul\libgcc.a(fixdfsi.o)
 .data          0x0000000010011368        0x0 c:/altera/15.0/nios2eds/bin/gnu/h-x86_64-mingw32/bin/../lib/gcc/nios2-elf/4.9.1/mno-hw-mul\libgcc.a(floatsidf.o)
 .data          0x0000000010011368        0x0 c:/altera/15.0/nios2eds/bin/gnu/h-x86_64-mingw32/bin/../lib/gcc/nios2-elf/4.9.1/mno-hw-mul\libgcc.a(floatunsidf.o)
 .data          0x0000000010011368        0x0 c:/altera/15.0/nios2eds/bin/gnu/h-x86_64-mingw32/bin/../lib/gcc/nios2-elf/4.9.1/mno-hw-mul\libgcc.a(_clz.o)
 .data          0x0000000010011368        0x0 c:/altera/15.0/nios2eds/bin/gnu/h-x86_64-mingw32/bin/../lib/gcc/nios2-elf/4.9.1/mno-hw-mul\libgcc.a(_clzsi2.o)
 .data          0x0000000010011368        0x0 ../lab9_app_bsp/\libhal_bsp.a(alt_close.o)
 .data          0x0000000010011368      0x1a8 ../lab9_app_bsp/\libhal_bsp.a(alt_dev.o)
                0x0000000010011368                alt_dev_null
                0x0000000010011390                alt_fd_list
 .data          0x0000000010011510        0x0 ../lab9_app_bsp/\libhal_bsp.a(alt_errno.o)
 .data          0x0000000010011510        0x0 ../lab9_app_bsp/\libhal_bsp.a(alt_fstat.o)
 .data          0x0000000010011510        0x0 ../lab9_app_bsp/\libhal_bsp.a(alt_isatty.o)
 .data          0x0000000010011510        0x0 ../lab9_app_bsp/\libhal_bsp.a(alt_load.o)
 .data          0x0000000010011510        0x0 ../lab9_app_bsp/\libhal_bsp.a(alt_lseek.o)
 .data          0x0000000010011510        0x0 ../lab9_app_bsp/\libhal_bsp.a(alt_main.o)
 .data          0x0000000010011510        0x0 ../lab9_app_bsp/\libhal_bsp.a(alt_malloc_lock.o)
 .data          0x0000000010011510        0x0 ../lab9_app_bsp/\libhal_bsp.a(alt_read.o)
 .data          0x0000000010011510        0x0 ../lab9_app_bsp/\libhal_bsp.a(alt_release_fd.o)
 .data          0x0000000010011510        0x0 ../lab9_app_bsp/\libhal_bsp.a(alt_sbrk.o)
 .data          0x0000000010011510        0x0 ../lab9_app_bsp/\libhal_bsp.a(alt_write.o)
 .data          0x0000000010011510     0x1060 ../lab9_app_bsp/\libhal_bsp.a(alt_sys_init.o)
 .data          0x0000000010012570        0x0 ../lab9_app_bsp/\libhal_bsp.a(altera_avalon_jtag_uart_fd.o)
 .data          0x0000000010012570        0x0 ../lab9_app_bsp/\libhal_bsp.a(altera_avalon_jtag_uart_init.o)
 .data          0x0000000010012570        0x0 ../lab9_app_bsp/\libhal_bsp.a(altera_avalon_jtag_uart_ioctl.o)
 .data          0x0000000010012570        0x0 ../lab9_app_bsp/\libhal_bsp.a(altera_avalon_jtag_uart_read.o)
 .data          0x0000000010012570        0x0 ../lab9_app_bsp/\libhal_bsp.a(altera_avalon_jtag_uart_write.o)
 .data          0x0000000010012570        0x0 ../lab9_app_bsp/\libhal_bsp.a(alt_alarm_start.o)
 .data          0x0000000010012570        0x0 ../lab9_app_bsp/\libhal_bsp.a(alt_dcache_flush_all.o)
 .data          0x0000000010012570        0x0 ../lab9_app_bsp/\libhal_bsp.a(alt_dev_llist_insert.o)
 .data          0x0000000010012570        0x0 ../lab9_app_bsp/\libhal_bsp.a(alt_do_ctors.o)
 .data          0x0000000010012570        0x0 ../lab9_app_bsp/\libhal_bsp.a(alt_do_dtors.o)
 .data          0x0000000010012570        0x0 ../lab9_app_bsp/\libhal_bsp.a(alt_icache_flush_all.o)
 .data          0x0000000010012570        0x0 ../lab9_app_bsp/\libhal_bsp.a(alt_iic.o)
 .data          0x0000000010012570        0x0 ../lab9_app_bsp/\libhal_bsp.a(alt_iic_isr_register.o)
 .data          0x0000000010012570        0x0 ../lab9_app_bsp/\libhal_bsp.a(alt_io_redirect.o)
 .data          0x0000000010012570        0x0 ../lab9_app_bsp/\libhal_bsp.a(alt_irq_entry.o)
 .data          0x0000000010012570        0x0 ../lab9_app_bsp/\libhal_bsp.a(alt_irq_handler.o)
 .data          0x0000000010012570        0x0 ../lab9_app_bsp/\libhal_bsp.a(alt_irq_vars.o)
 .data          0x0000000010012570        0x0 ../lab9_app_bsp/\libhal_bsp.a(alt_open.o)
 .data          0x0000000010012570        0x0 ../lab9_app_bsp/\libhal_bsp.a(alt_tick.o)
 .data          0x0000000010012570        0x0 ../lab9_app_bsp/\libhal_bsp.a(altera_nios2_qsys_irq.o)
 .data          0x0000000010012570        0x0 ../lab9_app_bsp/\libhal_bsp.a(alt_exception_entry.o)
 .data          0x0000000010012570        0x0 ../lab9_app_bsp/\libhal_bsp.a(alt_find_dev.o)
 .data          0x0000000010012570        0x0 ../lab9_app_bsp/\libhal_bsp.a(alt_find_file.o)
 .data          0x0000000010012570        0x0 ../lab9_app_bsp/\libhal_bsp.a(alt_get_fd.o)
 .data          0x0000000010012570        0x0 c:/altera/15.0/nios2eds/bin/gnu/h-x86_64-mingw32/bin/../lib/gcc/nios2-elf/4.9.1/../../../../../H-x86_64-mingw32/nios2-elf/lib/mno-hw-mul\libc.a(lib_a-atexit.o)
 .data          0x0000000010012570        0x0 c:/altera/15.0/nios2eds/bin/gnu/h-x86_64-mingw32/bin/../lib/gcc/nios2-elf/4.9.1/../../../../../H-x86_64-mingw32/nios2-elf/lib/mno-hw-mul\libc.a(lib_a-exit.o)
 .data          0x0000000010012570        0x0 c:/altera/15.0/nios2eds/bin/gnu/h-x86_64-mingw32/bin/../lib/gcc/nios2-elf/4.9.1/../../../../../H-x86_64-mingw32/nios2-elf/lib/mno-hw-mul\libc.a(lib_a-memcmp.o)
 .data          0x0000000010012570        0x0 c:/altera/15.0/nios2eds/bin/gnu/h-x86_64-mingw32/bin/../lib/gcc/nios2-elf/4.9.1/../../../../../H-x86_64-mingw32/nios2-elf/lib/mno-hw-mul\libc.a(lib_a-__atexit.o)
 .data          0x0000000010012570        0x0 c:/altera/15.0/nios2eds/bin/gnu/h-x86_64-mingw32/bin/../lib/gcc/nios2-elf/4.9.1/../../../../../H-x86_64-mingw32/nios2-elf/lib/mno-hw-mul\libc.a(lib_a-__call_atexit.o)
 .data          0x0000000010012570        0x0 ../lab9_app_bsp/\libhal_bsp.a(alt_exit.o)
                0x000000001001a570                _gp = ABSOLUTE ((. + 0x8000))
                0x000000001001a570                PROVIDE (gp, _gp)
 *(.rwdata .rwdata.*)
 *(.sdata .sdata.* .gnu.linkonce.s.*)
 .sdata         0x0000000010012570        0x8 c:/altera/15.0/nios2eds/bin/gnu/h-x86_64-mingw32/bin/../lib/gcc/nios2-elf/4.9.1/../../../../../H-x86_64-mingw32/nios2-elf/lib/mno-hw-mul\libc.a(lib_a-impure.o)
                0x0000000010012570                _global_impure_ptr
                0x0000000010012574                _impure_ptr
 .sdata         0x0000000010012578        0x4 c:/altera/15.0/nios2eds/bin/gnu/h-x86_64-mingw32/bin/../lib/gcc/nios2-elf/4.9.1/../../../../../H-x86_64-mingw32/nios2-elf/lib/mno-hw-mul\libc.a(lib_a-locale.o)
                0x0000000010012578                __mb_cur_max
 .sdata         0x000000001001257c        0x8 c:/altera/15.0/nios2eds/bin/gnu/h-x86_64-mingw32/bin/../lib/gcc/nios2-elf/4.9.1/../../../../../H-x86_64-mingw32/nios2-elf/lib/mno-hw-mul\libc.a(lib_a-mallocr.o)
                0x000000001001257c                __malloc_sbrk_base
                0x0000000010012580                __malloc_trim_threshold
 .sdata         0x0000000010012584        0x4 c:/altera/15.0/nios2eds/bin/gnu/h-x86_64-mingw32/bin/../lib/gcc/nios2-elf/4.9.1/../../../../../H-x86_64-mingw32/nios2-elf/lib/mno-hw-mul\libc.a(lib_a-wctomb_r.o)
                0x0000000010012584                __wctomb
 .sdata         0x0000000010012588       0x14 ../lab9_app_bsp/\libhal_bsp.a(alt_dev.o)
                0x0000000010012588                alt_fs_list
                0x0000000010012590                alt_dev_list
                0x0000000010012598                alt_max_fd
 .sdata         0x000000001001259c        0x4 ../lab9_app_bsp/\libhal_bsp.a(alt_errno.o)
                0x000000001001259c                alt_errno
 .sdata         0x00000000100125a0        0x4 ../lab9_app_bsp/\libhal_bsp.a(alt_sbrk.o)
 .sdata         0x00000000100125a4        0x4 ../lab9_app_bsp/\libhal_bsp.a(alt_irq_vars.o)
                0x00000000100125a4                alt_priority_mask
 .sdata         0x00000000100125a8        0x8 ../lab9_app_bsp/\libhal_bsp.a(alt_tick.o)
                0x00000000100125a8                alt_alarm_list
 *(.sdata2 .sdata2.* .gnu.linkonce.s2.*)
                0x00000000100125b0                . = ALIGN (0x4)
                0x00000000100125b0                _edata = ABSOLUTE (.)
                0x00000000100125b0                PROVIDE (edata, ABSOLUTE (.))
                0x00000000100125b0                PROVIDE (__ram_rwdata_end, ABSOLUTE (.))
                0x00000000100125b0                PROVIDE (__flash_rwdata_start, LOADADDR (.rwdata))

.bss            0x00000000100146d8      0x15c
                0x00000000100146d8                __bss_start = ABSOLUTE (.)
                0x00000000100146d8                PROVIDE (__sbss_start, ABSOLUTE (.))
                0x00000000100146d8                PROVIDE (___sbss_start, ABSOLUTE (.))
 *(.dynsbss)
 *(.sbss .sbss.* .gnu.linkonce.sb.*)
 .sbss          0x00000000100146d8        0xc c:/altera/15.0/nios2eds/bin/gnu/h-x86_64-mingw32/bin/../lib/gcc/nios2-elf/4.9.1/../../../../../H-x86_64-mingw32/nios2-elf/lib/mno-hw-mul\libc.a(lib_a-locale.o)
                0x00000000100146d8                _PathLocale
                0x00000000100146dc                __mlocale_changed
                0x00000000100146e0                __nlocale_changed
 .sbss          0x00000000100146e4        0xc c:/altera/15.0/nios2eds/bin/gnu/h-x86_64-mingw32/bin/../lib/gcc/nios2-elf/4.9.1/../../../../../H-x86_64-mingw32/nios2-elf/lib/mno-hw-mul\libc.a(lib_a-mallocr.o)
                0x00000000100146e4                __malloc_max_total_mem
                0x00000000100146e8                __malloc_max_sbrked_mem
                0x00000000100146ec                __malloc_top_pad
 .sbss          0x00000000100146f0        0x4 c:/altera/15.0/nios2eds/bin/gnu/h-x86_64-mingw32/bin/../lib/gcc/nios2-elf/4.9.1/../../../../../H-x86_64-mingw32/nios2-elf/lib/mno-hw-mul\libc.a(lib_a-int_errno.o)
                0x00000000100146f0                errno
 .sbss          0x00000000100146f4        0xc ../lab9_app_bsp/\libhal_bsp.a(alt_main.o)
                0x00000000100146f4                alt_argc
                0x00000000100146f8                alt_argv
                0x00000000100146fc                alt_envp
 .sbss          0x0000000010014700        0x4 ../lab9_app_bsp/\libhal_bsp.a(alt_irq_vars.o)
                0x0000000010014700                alt_irq_active
 .sbss          0x0000000010014704        0x8 ../lab9_app_bsp/\libhal_bsp.a(alt_tick.o)
                0x0000000010014704                _alt_tick_rate
                0x0000000010014708                _alt_nticks
 *(.sbss2 .sbss2.* .gnu.linkonce.sb2.*)
 *(.scommon)
                0x000000001001470c                PROVIDE (__sbss_end, ABSOLUTE (.))
                0x000000001001470c                PROVIDE (___sbss_end, ABSOLUTE (.))
 *(.dynbss)
 *(.bss .bss.* .gnu.linkonce.b.*)
 .bss           0x000000001001470c        0x0 ../lab9_app_bsp//obj/HAL/src/crt0.o
 .bss           0x000000001001470c        0x0 obj/default/main.o
 .bss           0x000000001001470c        0x0 c:/altera/15.0/nios2eds/bin/gnu/h-x86_64-mingw32/bin/../lib/gcc/nios2-elf/4.9.1/mno-hw-mul\libgcc.a(lib2-divmod.o)
 .bss           0x000000001001470c        0x0 c:/altera/15.0/nios2eds/bin/gnu/h-x86_64-mingw32/bin/../lib/gcc/nios2-elf/4.9.1/mno-hw-mul\libgcc.a(lib2-mul.o)
 .bss           0x000000001001470c        0x0 c:/altera/15.0/nios2eds/bin/gnu/h-x86_64-mingw32/bin/../lib/gcc/nios2-elf/4.9.1/../../../../../H-x86_64-mingw32/nios2-elf/lib/mno-hw-mul\libc.a(lib_a-memcpy.o)
 .bss           0x000000001001470c        0x0 c:/altera/15.0/nios2eds/bin/gnu/h-x86_64-mingw32/bin/../lib/gcc/nios2-elf/4.9.1/../../../../../H-x86_64-mingw32/nios2-elf/lib/mno-hw-mul\libc.a(lib_a-printf.o)
 .bss           0x000000001001470c        0x0 c:/altera/15.0/nios2eds/bin/gnu/h-x86_64-mingw32/bin/../lib/gcc/nios2-elf/4.9.1/../../../../../H-x86_64-mingw32/nios2-elf/lib/mno-hw-mul\libc.a(lib_a-puts.o)
 .bss           0x000000001001470c        0x0 c:/altera/15.0/nios2eds/bin/gnu/h-x86_64-mingw32/bin/../lib/gcc/nios2-elf/4.9.1/../../../../../H-x86_64-mingw32/nios2-elf/lib/mno-hw-mul\libc.a(lib_a-strlen.o)
 .bss           0x000000001001470c        0x0 c:/altera/15.0/nios2eds/bin/gnu/h-x86_64-mingw32/bin/../lib/gcc/nios2-elf/4.9.1/../../../../../H-x86_64-mingw32/nios2-elf/lib/mno-hw-mul\libc.a(lib_a-vfprintf.o)
 .bss           0x000000001001470c        0x0 c:/altera/15.0/nios2eds/bin/gnu/h-x86_64-mingw32/bin/../lib/gcc/nios2-elf/4.9.1/../../../../../H-x86_64-mingw32/nios2-elf/lib/mno-hw-mul\libc.a(lib_a-wsetup.o)
 .bss           0x000000001001470c        0x0 c:/altera/15.0/nios2eds/bin/gnu/h-x86_64-mingw32/bin/../lib/gcc/nios2-elf/4.9.1/../../../../../H-x86_64-mingw32/nios2-elf/lib/mno-hw-mul\libc.a(lib_a-dtoa.o)
 .bss           0x000000001001470c        0x0 c:/altera/15.0/nios2eds/bin/gnu/h-x86_64-mingw32/bin/../lib/gcc/nios2-elf/4.9.1/../../../../../H-x86_64-mingw32/nios2-elf/lib/mno-hw-mul\libc.a(lib_a-fflush.o)
 .bss           0x000000001001470c        0x0 c:/altera/15.0/nios2eds/bin/gnu/h-x86_64-mingw32/bin/../lib/gcc/nios2-elf/4.9.1/../../../../../H-x86_64-mingw32/nios2-elf/lib/mno-hw-mul\libc.a(lib_a-findfp.o)
 .bss           0x000000001001470c        0x0 c:/altera/15.0/nios2eds/bin/gnu/h-x86_64-mingw32/bin/../lib/gcc/nios2-elf/4.9.1/../../../../../H-x86_64-mingw32/nios2-elf/lib/mno-hw-mul\libc.a(lib_a-freer.o)
 .bss           0x000000001001470c        0x0 c:/altera/15.0/nios2eds/bin/gnu/h-x86_64-mingw32/bin/../lib/gcc/nios2-elf/4.9.1/../../../../../H-x86_64-mingw32/nios2-elf/lib/mno-hw-mul\libc.a(lib_a-fvwrite.o)
 .bss           0x000000001001470c        0x0 c:/altera/15.0/nios2eds/bin/gnu/h-x86_64-mingw32/bin/../lib/gcc/nios2-elf/4.9.1/../../../../../H-x86_64-mingw32/nios2-elf/lib/mno-hw-mul\libc.a(lib_a-fwalk.o)
 .bss           0x000000001001470c        0x0 c:/altera/15.0/nios2eds/bin/gnu/h-x86_64-mingw32/bin/../lib/gcc/nios2-elf/4.9.1/../../../../../H-x86_64-mingw32/nios2-elf/lib/mno-hw-mul\libc.a(lib_a-impure.o)
 .bss           0x000000001001470c        0x0 c:/altera/15.0/nios2eds/bin/gnu/h-x86_64-mingw32/bin/../lib/gcc/nios2-elf/4.9.1/../../../../../H-x86_64-mingw32/nios2-elf/lib/mno-hw-mul\libc.a(lib_a-locale.o)
 .bss           0x000000001001470c        0x0 c:/altera/15.0/nios2eds/bin/gnu/h-x86_64-mingw32/bin/../lib/gcc/nios2-elf/4.9.1/../../../../../H-x86_64-mingw32/nios2-elf/lib/mno-hw-mul\libc.a(lib_a-makebuf.o)
 .bss           0x000000001001470c       0x28 c:/altera/15.0/nios2eds/bin/gnu/h-x86_64-mingw32/bin/../lib/gcc/nios2-elf/4.9.1/../../../../../H-x86_64-mingw32/nios2-elf/lib/mno-hw-mul\libc.a(lib_a-mallocr.o)
                0x000000001001470c                __malloc_current_mallinfo
 .bss           0x0000000010014734        0x0 c:/altera/15.0/nios2eds/bin/gnu/h-x86_64-mingw32/bin/../lib/gcc/nios2-elf/4.9.1/../../../../../H-x86_64-mingw32/nios2-elf/lib/mno-hw-mul\libc.a(lib_a-memchr.o)
 .bss           0x0000000010014734        0x0 c:/altera/15.0/nios2eds/bin/gnu/h-x86_64-mingw32/bin/../lib/gcc/nios2-elf/4.9.1/../../../../../H-x86_64-mingw32/nios2-elf/lib/mno-hw-mul\libc.a(lib_a-memmove.o)
 .bss           0x0000000010014734        0x0 c:/altera/15.0/nios2eds/bin/gnu/h-x86_64-mingw32/bin/../lib/gcc/nios2-elf/4.9.1/../../../../../H-x86_64-mingw32/nios2-elf/lib/mno-hw-mul\libc.a(lib_a-memset.o)
 .bss           0x0000000010014734        0x0 c:/altera/15.0/nios2eds/bin/gnu/h-x86_64-mingw32/bin/../lib/gcc/nios2-elf/4.9.1/../../../../../H-x86_64-mingw32/nios2-elf/lib/mno-hw-mul\libc.a(lib_a-mprec.o)
 .bss           0x0000000010014734        0x0 c:/altera/15.0/nios2eds/bin/gnu/h-x86_64-mingw32/bin/../lib/gcc/nios2-elf/4.9.1/../../../../../H-x86_64-mingw32/nios2-elf/lib/mno-hw-mul\libc.a(lib_a-reallocr.o)
 .bss           0x0000000010014734        0x0 c:/altera/15.0/nios2eds/bin/gnu/h-x86_64-mingw32/bin/../lib/gcc/nios2-elf/4.9.1/../../../../../H-x86_64-mingw32/nios2-elf/lib/mno-hw-mul\libc.a(lib_a-s_fpclassify.o)
 .bss           0x0000000010014734        0x0 c:/altera/15.0/nios2eds/bin/gnu/h-x86_64-mingw32/bin/../lib/gcc/nios2-elf/4.9.1/../../../../../H-x86_64-mingw32/nios2-elf/lib/mno-hw-mul\libc.a(lib_a-sbrkr.o)
 .bss           0x0000000010014734        0x0 c:/altera/15.0/nios2eds/bin/gnu/h-x86_64-mingw32/bin/../lib/gcc/nios2-elf/4.9.1/../../../../../H-x86_64-mingw32/nios2-elf/lib/mno-hw-mul\libc.a(lib_a-stdio.o)
 .bss           0x0000000010014734        0x0 c:/altera/15.0/nios2eds/bin/gnu/h-x86_64-mingw32/bin/../lib/gcc/nios2-elf/4.9.1/../../../../../H-x86_64-mingw32/nios2-elf/lib/mno-hw-mul\libc.a(lib_a-strcmp.o)
 .bss           0x0000000010014734        0x0 c:/altera/15.0/nios2eds/bin/gnu/h-x86_64-mingw32/bin/../lib/gcc/nios2-elf/4.9.1/../../../../../H-x86_64-mingw32/nios2-elf/lib/mno-hw-mul\libc.a(lib_a-vfiprintf.o)
 .bss           0x0000000010014734        0x0 c:/altera/15.0/nios2eds/bin/gnu/h-x86_64-mingw32/bin/../lib/gcc/nios2-elf/4.9.1/../../../../../H-x86_64-mingw32/nios2-elf/lib/mno-hw-mul\libc.a(lib_a-writer.o)
 .bss           0x0000000010014734        0x0 c:/altera/15.0/nios2eds/bin/gnu/h-x86_64-mingw32/bin/../lib/gcc/nios2-elf/4.9.1/../../../../../H-x86_64-mingw32/nios2-elf/lib/mno-hw-mul\libc.a(closer.o)
 .bss           0x0000000010014734        0x0 c:/altera/15.0/nios2eds/bin/gnu/h-x86_64-mingw32/bin/../lib/gcc/nios2-elf/4.9.1/../../../../../H-x86_64-mingw32/nios2-elf/lib/mno-hw-mul\libc.a(lib_a-callocr.o)
 .bss           0x0000000010014734        0x0 c:/altera/15.0/nios2eds/bin/gnu/h-x86_64-mingw32/bin/../lib/gcc/nios2-elf/4.9.1/../../../../../H-x86_64-mingw32/nios2-elf/lib/mno-hw-mul\libc.a(lib_a-fclose.o)
 .bss           0x0000000010014734        0x0 c:/altera/15.0/nios2eds/bin/gnu/h-x86_64-mingw32/bin/../lib/gcc/nios2-elf/4.9.1/../../../../../H-x86_64-mingw32/nios2-elf/lib/mno-hw-mul\libc.a(lib_a-fputwc.o)
 .bss           0x0000000010014734        0x0 c:/altera/15.0/nios2eds/bin/gnu/h-x86_64-mingw32/bin/../lib/gcc/nios2-elf/4.9.1/../../../../../H-x86_64-mingw32/nios2-elf/lib/mno-hw-mul\libc.a(lib_a-fstatr.o)
 .bss           0x0000000010014734        0x0 c:/altera/15.0/nios2eds/bin/gnu/h-x86_64-mingw32/bin/../lib/gcc/nios2-elf/4.9.1/../../../../../H-x86_64-mingw32/nios2-elf/lib/mno-hw-mul\libc.a(lib_a-int_errno.o)
 .bss           0x0000000010014734        0x0 c:/altera/15.0/nios2eds/bin/gnu/h-x86_64-mingw32/bin/../lib/gcc/nios2-elf/4.9.1/../../../../../H-x86_64-mingw32/nios2-elf/lib/mno-hw-mul\libc.a(lib_a-isattyr.o)
 .bss           0x0000000010014734        0x0 c:/altera/15.0/nios2eds/bin/gnu/h-x86_64-mingw32/bin/../lib/gcc/nios2-elf/4.9.1/../../../../../H-x86_64-mingw32/nios2-elf/lib/mno-hw-mul\libc.a(lib_a-lseekr.o)
 .bss           0x0000000010014734        0x0 c:/altera/15.0/nios2eds/bin/gnu/h-x86_64-mingw32/bin/../lib/gcc/nios2-elf/4.9.1/../../../../../H-x86_64-mingw32/nios2-elf/lib/mno-hw-mul\libc.a(lib_a-readr.o)
 .bss           0x0000000010014734        0x0 c:/altera/15.0/nios2eds/bin/gnu/h-x86_64-mingw32/bin/../lib/gcc/nios2-elf/4.9.1/../../../../../H-x86_64-mingw32/nios2-elf/lib/mno-hw-mul\libc.a(lib_a-wbuf.o)
 .bss           0x0000000010014734        0x0 c:/altera/15.0/nios2eds/bin/gnu/h-x86_64-mingw32/bin/../lib/gcc/nios2-elf/4.9.1/../../../../../H-x86_64-mingw32/nios2-elf/lib/mno-hw-mul\libc.a(lib_a-wcrtomb.o)
 .bss           0x0000000010014734        0x0 c:/altera/15.0/nios2eds/bin/gnu/h-x86_64-mingw32/bin/../lib/gcc/nios2-elf/4.9.1/../../../../../H-x86_64-mingw32/nios2-elf/lib/mno-hw-mul\libc.a(lib_a-wctomb_r.o)
 .bss           0x0000000010014734        0x0 c:/altera/15.0/nios2eds/bin/gnu/h-x86_64-mingw32/bin/../lib/gcc/nios2-elf/4.9.1/mno-hw-mul\libgcc.a(_udivdi3.o)
 .bss           0x0000000010014734        0x0 c:/altera/15.0/nios2eds/bin/gnu/h-x86_64-mingw32/bin/../lib/gcc/nios2-elf/4.9.1/mno-hw-mul\libgcc.a(_umoddi3.o)
 .bss           0x0000000010014734        0x0 c:/altera/15.0/nios2eds/bin/gnu/h-x86_64-mingw32/bin/../lib/gcc/nios2-elf/4.9.1/mno-hw-mul\libgcc.a(adddf3.o)
 .bss           0x0000000010014734        0x0 c:/altera/15.0/nios2eds/bin/gnu/h-x86_64-mingw32/bin/../lib/gcc/nios2-elf/4.9.1/mno-hw-mul\libgcc.a(divdf3.o)
 .bss           0x0000000010014734        0x0 c:/altera/15.0/nios2eds/bin/gnu/h-x86_64-mingw32/bin/../lib/gcc/nios2-elf/4.9.1/mno-hw-mul\libgcc.a(eqdf2.o)
 .bss           0x0000000010014734        0x0 c:/altera/15.0/nios2eds/bin/gnu/h-x86_64-mingw32/bin/../lib/gcc/nios2-elf/4.9.1/mno-hw-mul\libgcc.a(gedf2.o)
 .bss           0x0000000010014734        0x0 c:/altera/15.0/nios2eds/bin/gnu/h-x86_64-mingw32/bin/../lib/gcc/nios2-elf/4.9.1/mno-hw-mul\libgcc.a(ledf2.o)
 .bss           0x0000000010014734        0x0 c:/altera/15.0/nios2eds/bin/gnu/h-x86_64-mingw32/bin/../lib/gcc/nios2-elf/4.9.1/mno-hw-mul\libgcc.a(muldf3.o)
 .bss           0x0000000010014734        0x0 c:/altera/15.0/nios2eds/bin/gnu/h-x86_64-mingw32/bin/../lib/gcc/nios2-elf/4.9.1/mno-hw-mul\libgcc.a(subdf3.o)
 .bss           0x0000000010014734        0x0 c:/altera/15.0/nios2eds/bin/gnu/h-x86_64-mingw32/bin/../lib/gcc/nios2-elf/4.9.1/mno-hw-mul\libgcc.a(fixdfsi.o)
 .bss           0x0000000010014734        0x0 c:/altera/15.0/nios2eds/bin/gnu/h-x86_64-mingw32/bin/../lib/gcc/nios2-elf/4.9.1/mno-hw-mul\libgcc.a(floatsidf.o)
 .bss           0x0000000010014734        0x0 c:/altera/15.0/nios2eds/bin/gnu/h-x86_64-mingw32/bin/../lib/gcc/nios2-elf/4.9.1/mno-hw-mul\libgcc.a(floatunsidf.o)
 .bss           0x0000000010014734        0x0 c:/altera/15.0/nios2eds/bin/gnu/h-x86_64-mingw32/bin/../lib/gcc/nios2-elf/4.9.1/mno-hw-mul\libgcc.a(_clz.o)
 .bss           0x0000000010014734        0x0 c:/altera/15.0/nios2eds/bin/gnu/h-x86_64-mingw32/bin/../lib/gcc/nios2-elf/4.9.1/mno-hw-mul\libgcc.a(_clzsi2.o)
 .bss           0x0000000010014734        0x0 ../lab9_app_bsp/\libhal_bsp.a(alt_close.o)
 .bss           0x0000000010014734        0x0 ../lab9_app_bsp/\libhal_bsp.a(alt_dev.o)
 .bss           0x0000000010014734        0x0 ../lab9_app_bsp/\libhal_bsp.a(alt_errno.o)
 .bss           0x0000000010014734        0x0 ../lab9_app_bsp/\libhal_bsp.a(alt_fstat.o)
 .bss           0x0000000010014734        0x0 ../lab9_app_bsp/\libhal_bsp.a(alt_isatty.o)
 .bss           0x0000000010014734        0x0 ../lab9_app_bsp/\libhal_bsp.a(alt_load.o)
 .bss           0x0000000010014734        0x0 ../lab9_app_bsp/\libhal_bsp.a(alt_lseek.o)
 .bss           0x0000000010014734        0x0 ../lab9_app_bsp/\libhal_bsp.a(alt_main.o)
 .bss           0x0000000010014734        0x0 ../lab9_app_bsp/\libhal_bsp.a(alt_malloc_lock.o)
 .bss           0x0000000010014734        0x0 ../lab9_app_bsp/\libhal_bsp.a(alt_read.o)
 .bss           0x0000000010014734        0x0 ../lab9_app_bsp/\libhal_bsp.a(alt_release_fd.o)
 .bss           0x0000000010014734        0x0 ../lab9_app_bsp/\libhal_bsp.a(alt_sbrk.o)
 .bss           0x0000000010014734        0x0 ../lab9_app_bsp/\libhal_bsp.a(alt_write.o)
 .bss           0x0000000010014734        0x0 ../lab9_app_bsp/\libhal_bsp.a(alt_sys_init.o)
 .bss           0x0000000010014734        0x0 ../lab9_app_bsp/\libhal_bsp.a(altera_avalon_jtag_uart_fd.o)
 .bss           0x0000000010014734        0x0 ../lab9_app_bsp/\libhal_bsp.a(altera_avalon_jtag_uart_init.o)
 .bss           0x0000000010014734        0x0 ../lab9_app_bsp/\libhal_bsp.a(altera_avalon_jtag_uart_ioctl.o)
 .bss           0x0000000010014734        0x0 ../lab9_app_bsp/\libhal_bsp.a(altera_avalon_jtag_uart_read.o)
 .bss           0x0000000010014734        0x0 ../lab9_app_bsp/\libhal_bsp.a(altera_avalon_jtag_uart_write.o)
 .bss           0x0000000010014734        0x0 ../lab9_app_bsp/\libhal_bsp.a(alt_alarm_start.o)
 .bss           0x0000000010014734        0x0 ../lab9_app_bsp/\libhal_bsp.a(alt_dcache_flush_all.o)
 .bss           0x0000000010014734        0x0 ../lab9_app_bsp/\libhal_bsp.a(alt_dev_llist_insert.o)
 .bss           0x0000000010014734        0x0 ../lab9_app_bsp/\libhal_bsp.a(alt_do_ctors.o)
 .bss           0x0000000010014734        0x0 ../lab9_app_bsp/\libhal_bsp.a(alt_do_dtors.o)
 .bss           0x0000000010014734        0x0 ../lab9_app_bsp/\libhal_bsp.a(alt_icache_flush_all.o)
 .bss           0x0000000010014734        0x0 ../lab9_app_bsp/\libhal_bsp.a(alt_iic.o)
 .bss           0x0000000010014734        0x0 ../lab9_app_bsp/\libhal_bsp.a(alt_iic_isr_register.o)
 .bss           0x0000000010014734        0x0 ../lab9_app_bsp/\libhal_bsp.a(alt_io_redirect.o)
 .bss           0x0000000010014734        0x0 ../lab9_app_bsp/\libhal_bsp.a(alt_irq_entry.o)
 .bss           0x0000000010014734        0x0 ../lab9_app_bsp/\libhal_bsp.a(alt_irq_handler.o)
 .bss           0x0000000010014734        0x0 ../lab9_app_bsp/\libhal_bsp.a(alt_irq_vars.o)
 .bss           0x0000000010014734        0x0 ../lab9_app_bsp/\libhal_bsp.a(alt_open.o)
 .bss           0x0000000010014734        0x0 ../lab9_app_bsp/\libhal_bsp.a(alt_tick.o)
 .bss           0x0000000010014734        0x0 ../lab9_app_bsp/\libhal_bsp.a(altera_nios2_qsys_irq.o)
 .bss           0x0000000010014734        0x0 ../lab9_app_bsp/\libhal_bsp.a(alt_exception_entry.o)
 .bss           0x0000000010014734        0x0 ../lab9_app_bsp/\libhal_bsp.a(alt_find_dev.o)
 .bss           0x0000000010014734        0x0 ../lab9_app_bsp/\libhal_bsp.a(alt_find_file.o)
 .bss           0x0000000010014734        0x0 ../lab9_app_bsp/\libhal_bsp.a(alt_get_fd.o)
 .bss           0x0000000010014734        0x0 c:/altera/15.0/nios2eds/bin/gnu/h-x86_64-mingw32/bin/../lib/gcc/nios2-elf/4.9.1/../../../../../H-x86_64-mingw32/nios2-elf/lib/mno-hw-mul\libc.a(lib_a-atexit.o)
 .bss           0x0000000010014734        0x0 c:/altera/15.0/nios2eds/bin/gnu/h-x86_64-mingw32/bin/../lib/gcc/nios2-elf/4.9.1/../../../../../H-x86_64-mingw32/nios2-elf/lib/mno-hw-mul\libc.a(lib_a-exit.o)
 .bss           0x0000000010014734        0x0 c:/altera/15.0/nios2eds/bin/gnu/h-x86_64-mingw32/bin/../lib/gcc/nios2-elf/4.9.1/../../../../../H-x86_64-mingw32/nios2-elf/lib/mno-hw-mul\libc.a(lib_a-memcmp.o)
 .bss           0x0000000010014734        0x0 c:/altera/15.0/nios2eds/bin/gnu/h-x86_64-mingw32/bin/../lib/gcc/nios2-elf/4.9.1/../../../../../H-x86_64-mingw32/nios2-elf/lib/mno-hw-mul\libc.a(lib_a-__atexit.o)
 .bss           0x0000000010014734        0x0 c:/altera/15.0/nios2eds/bin/gnu/h-x86_64-mingw32/bin/../lib/gcc/nios2-elf/4.9.1/../../../../../H-x86_64-mingw32/nios2-elf/lib/mno-hw-mul\libc.a(lib_a-__call_atexit.o)
 .bss           0x0000000010014734        0x0 ../lab9_app_bsp/\libhal_bsp.a(alt_exit.o)
 *(COMMON)
 COMMON         0x0000000010014734      0x100 ../lab9_app_bsp/\libhal_bsp.a(alt_irq_handler.o)
                0x0000000010014734                alt_irq
                0x0000000010014834                . = ALIGN (0x4)
                0x0000000010014834                __bss_end = ABSOLUTE (.)

.onchip_memory2_0
                0x0000000000000000        0x0 load address 0x0000000010014834
                0x0000000000000000                PROVIDE (_alt_partition_onchip_memory2_0_start, ABSOLUTE (.))
 *(.onchip_memory2_0 .onchip_memory2_0. onchip_memory2_0.*)
                0x0000000000000000                . = ALIGN (0x4)
                0x0000000000000000                PROVIDE (_alt_partition_onchip_memory2_0_end, ABSOLUTE (.))
                0x0000000010014834                PROVIDE (_alt_partition_onchip_memory2_0_load_addr, LOADADDR (.onchip_memory2_0))

.sdram          0x0000000010014834        0x0
                0x0000000010014834                PROVIDE (_alt_partition_sdram_start, ABSOLUTE (.))
 *(.sdram .sdram. sdram.*)
                0x0000000010014834                . = ALIGN (0x4)
                0x0000000010014834                PROVIDE (_alt_partition_sdram_end, ABSOLUTE (.))
                0x0000000010014834                _end = ABSOLUTE (.)
                0x0000000010014834                end = ABSOLUTE (.)
                0x0000000010014834                __alt_stack_base = ABSOLUTE (.)
                0x0000000010014834                PROVIDE (_alt_partition_sdram_load_addr, LOADADDR (.sdram))

.stab
 *(.stab)

.stabstr
 *(.stabstr)

.stab.excl
 *(.stab.excl)

.stab.exclstr
 *(.stab.exclstr)

.stab.index
 *(.stab.index)

.stab.indexstr
 *(.stab.indexstr)

.comment        0x0000000000000000       0x23
 *(.comment)
 .comment       0x0000000000000000       0x23 obj/default/main.o
                                         0x24 (size before relaxing)
 .comment       0x0000000000000000       0x24 c:/altera/15.0/nios2eds/bin/gnu/h-x86_64-mingw32/bin/../lib/gcc/nios2-elf/4.9.1/mno-hw-mul\libgcc.a(lib2-divmod.o)
 .comment       0x0000000000000000       0x24 c:/altera/15.0/nios2eds/bin/gnu/h-x86_64-mingw32/bin/../lib/gcc/nios2-elf/4.9.1/mno-hw-mul\libgcc.a(lib2-mul.o)
 .comment       0x0000000000000000       0x24 c:/altera/15.0/nios2eds/bin/gnu/h-x86_64-mingw32/bin/../lib/gcc/nios2-elf/4.9.1/../../../../../H-x86_64-mingw32/nios2-elf/lib/mno-hw-mul\libc.a(lib_a-memcpy.o)
 .comment       0x0000000000000000       0x24 c:/altera/15.0/nios2eds/bin/gnu/h-x86_64-mingw32/bin/../lib/gcc/nios2-elf/4.9.1/../../../../../H-x86_64-mingw32/nios2-elf/lib/mno-hw-mul\libc.a(lib_a-printf.o)
 .comment       0x0000000000000000       0x24 c:/altera/15.0/nios2eds/bin/gnu/h-x86_64-mingw32/bin/../lib/gcc/nios2-elf/4.9.1/../../../../../H-x86_64-mingw32/nios2-elf/lib/mno-hw-mul\libc.a(lib_a-puts.o)
 .comment       0x0000000000000000       0x24 c:/altera/15.0/nios2eds/bin/gnu/h-x86_64-mingw32/bin/../lib/gcc/nios2-elf/4.9.1/../../../../../H-x86_64-mingw32/nios2-elf/lib/mno-hw-mul\libc.a(lib_a-strlen.o)
 .comment       0x0000000000000000       0x24 c:/altera/15.0/nios2eds/bin/gnu/h-x86_64-mingw32/bin/../lib/gcc/nios2-elf/4.9.1/../../../../../H-x86_64-mingw32/nios2-elf/lib/mno-hw-mul\libc.a(lib_a-vfprintf.o)
 .comment       0x0000000000000000       0x24 c:/altera/15.0/nios2eds/bin/gnu/h-x86_64-mingw32/bin/../lib/gcc/nios2-elf/4.9.1/../../../../../H-x86_64-mingw32/nios2-elf/lib/mno-hw-mul\libc.a(lib_a-wsetup.o)
 .comment       0x0000000000000000       0x24 c:/altera/15.0/nios2eds/bin/gnu/h-x86_64-mingw32/bin/../lib/gcc/nios2-elf/4.9.1/../../../../../H-x86_64-mingw32/nios2-elf/lib/mno-hw-mul\libc.a(lib_a-dtoa.o)
 .comment       0x0000000000000000       0x24 c:/altera/15.0/nios2eds/bin/gnu/h-x86_64-mingw32/bin/../lib/gcc/nios2-elf/4.9.1/../../../../../H-x86_64-mingw32/nios2-elf/lib/mno-hw-mul\libc.a(lib_a-fflush.o)
 .comment       0x0000000000000000       0x24 c:/altera/15.0/nios2eds/bin/gnu/h-x86_64-mingw32/bin/../lib/gcc/nios2-elf/4.9.1/../../../../../H-x86_64-mingw32/nios2-elf/lib/mno-hw-mul\libc.a(lib_a-findfp.o)
 .comment       0x0000000000000000       0x24 c:/altera/15.0/nios2eds/bin/gnu/h-x86_64-mingw32/bin/../lib/gcc/nios2-elf/4.9.1/../../../../../H-x86_64-mingw32/nios2-elf/lib/mno-hw-mul\libc.a(lib_a-freer.o)
 .comment       0x0000000000000000       0x24 c:/altera/15.0/nios2eds/bin/gnu/h-x86_64-mingw32/bin/../lib/gcc/nios2-elf/4.9.1/../../../../../H-x86_64-mingw32/nios2-elf/lib/mno-hw-mul\libc.a(lib_a-fvwrite.o)
 .comment       0x0000000000000000       0x24 c:/altera/15.0/nios2eds/bin/gnu/h-x86_64-mingw32/bin/../lib/gcc/nios2-elf/4.9.1/../../../../../H-x86_64-mingw32/nios2-elf/lib/mno-hw-mul\libc.a(lib_a-fwalk.o)
 .comment       0x0000000000000000       0x24 c:/altera/15.0/nios2eds/bin/gnu/h-x86_64-mingw32/bin/../lib/gcc/nios2-elf/4.9.1/../../../../../H-x86_64-mingw32/nios2-elf/lib/mno-hw-mul\libc.a(lib_a-impure.o)
 .comment       0x0000000000000000       0x24 c:/altera/15.0/nios2eds/bin/gnu/h-x86_64-mingw32/bin/../lib/gcc/nios2-elf/4.9.1/../../../../../H-x86_64-mingw32/nios2-elf/lib/mno-hw-mul\libc.a(lib_a-locale.o)
 .comment       0x0000000000000000       0x24 c:/altera/15.0/nios2eds/bin/gnu/h-x86_64-mingw32/bin/../lib/gcc/nios2-elf/4.9.1/../../../../../H-x86_64-mingw32/nios2-elf/lib/mno-hw-mul\libc.a(lib_a-makebuf.o)
 .comment       0x0000000000000000       0x24 c:/altera/15.0/nios2eds/bin/gnu/h-x86_64-mingw32/bin/../lib/gcc/nios2-elf/4.9.1/../../../../../H-x86_64-mingw32/nios2-elf/lib/mno-hw-mul\libc.a(lib_a-mallocr.o)
 .comment       0x0000000000000000       0x24 c:/altera/15.0/nios2eds/bin/gnu/h-x86_64-mingw32/bin/../lib/gcc/nios2-elf/4.9.1/../../../../../H-x86_64-mingw32/nios2-elf/lib/mno-hw-mul\libc.a(lib_a-memchr.o)
 .comment       0x0000000000000000       0x24 c:/altera/15.0/nios2eds/bin/gnu/h-x86_64-mingw32/bin/../lib/gcc/nios2-elf/4.9.1/../../../../../H-x86_64-mingw32/nios2-elf/lib/mno-hw-mul\libc.a(lib_a-memmove.o)
 .comment       0x0000000000000000       0x24 c:/altera/15.0/nios2eds/bin/gnu/h-x86_64-mingw32/bin/../lib/gcc/nios2-elf/4.9.1/../../../../../H-x86_64-mingw32/nios2-elf/lib/mno-hw-mul\libc.a(lib_a-memset.o)
 .comment       0x0000000000000000       0x24 c:/altera/15.0/nios2eds/bin/gnu/h-x86_64-mingw32/bin/../lib/gcc/nios2-elf/4.9.1/../../../../../H-x86_64-mingw32/nios2-elf/lib/mno-hw-mul\libc.a(lib_a-mprec.o)
 .comment       0x0000000000000000       0x24 c:/altera/15.0/nios2eds/bin/gnu/h-x86_64-mingw32/bin/../lib/gcc/nios2-elf/4.9.1/../../../../../H-x86_64-mingw32/nios2-elf/lib/mno-hw-mul\libc.a(lib_a-reallocr.o)
 .comment       0x0000000000000000       0x24 c:/altera/15.0/nios2eds/bin/gnu/h-x86_64-mingw32/bin/../lib/gcc/nios2-elf/4.9.1/../../../../../H-x86_64-mingw32/nios2-elf/lib/mno-hw-mul\libc.a(lib_a-s_fpclassify.o)
 .comment       0x0000000000000000       0x24 c:/altera/15.0/nios2eds/bin/gnu/h-x86_64-mingw32/bin/../lib/gcc/nios2-elf/4.9.1/../../../../../H-x86_64-mingw32/nios2-elf/lib/mno-hw-mul\libc.a(lib_a-sbrkr.o)
 .comment       0x0000000000000000       0x24 c:/altera/15.0/nios2eds/bin/gnu/h-x86_64-mingw32/bin/../lib/gcc/nios2-elf/4.9.1/../../../../../H-x86_64-mingw32/nios2-elf/lib/mno-hw-mul\libc.a(lib_a-stdio.o)
 .comment       0x0000000000000000       0x24 c:/altera/15.0/nios2eds/bin/gnu/h-x86_64-mingw32/bin/../lib/gcc/nios2-elf/4.9.1/../../../../../H-x86_64-mingw32/nios2-elf/lib/mno-hw-mul\libc.a(lib_a-strcmp.o)
 .comment       0x0000000000000000       0x24 c:/altera/15.0/nios2eds/bin/gnu/h-x86_64-mingw32/bin/../lib/gcc/nios2-elf/4.9.1/../../../../../H-x86_64-mingw32/nios2-elf/lib/mno-hw-mul\libc.a(lib_a-vfiprintf.o)
 .comment       0x0000000000000000       0x24 c:/altera/15.0/nios2eds/bin/gnu/h-x86_64-mingw32/bin/../lib/gcc/nios2-elf/4.9.1/../../../../../H-x86_64-mingw32/nios2-elf/lib/mno-hw-mul\libc.a(lib_a-writer.o)
 .comment       0x0000000000000000       0x24 c:/altera/15.0/nios2eds/bin/gnu/h-x86_64-mingw32/bin/../lib/gcc/nios2-elf/4.9.1/../../../../../H-x86_64-mingw32/nios2-elf/lib/mno-hw-mul\libc.a(closer.o)
 .comment       0x0000000000000000       0x24 c:/altera/15.0/nios2eds/bin/gnu/h-x86_64-mingw32/bin/../lib/gcc/nios2-elf/4.9.1/../../../../../H-x86_64-mingw32/nios2-elf/lib/mno-hw-mul\libc.a(lib_a-callocr.o)
 .comment       0x0000000000000000       0x24 c:/altera/15.0/nios2eds/bin/gnu/h-x86_64-mingw32/bin/../lib/gcc/nios2-elf/4.9.1/../../../../../H-x86_64-mingw32/nios2-elf/lib/mno-hw-mul\libc.a(lib_a-fclose.o)
 .comment       0x0000000000000000       0x24 c:/altera/15.0/nios2eds/bin/gnu/h-x86_64-mingw32/bin/../lib/gcc/nios2-elf/4.9.1/../../../../../H-x86_64-mingw32/nios2-elf/lib/mno-hw-mul\libc.a(lib_a-fputwc.o)
 .comment       0x0000000000000000       0x24 c:/altera/15.0/nios2eds/bin/gnu/h-x86_64-mingw32/bin/../lib/gcc/nios2-elf/4.9.1/../../../../../H-x86_64-mingw32/nios2-elf/lib/mno-hw-mul\libc.a(lib_a-fstatr.o)
 .comment       0x0000000000000000       0x24 c:/altera/15.0/nios2eds/bin/gnu/h-x86_64-mingw32/bin/../lib/gcc/nios2-elf/4.9.1/../../../../../H-x86_64-mingw32/nios2-elf/lib/mno-hw-mul\libc.a(lib_a-int_errno.o)
 .comment       0x0000000000000000       0x24 c:/altera/15.0/nios2eds/bin/gnu/h-x86_64-mingw32/bin/../lib/gcc/nios2-elf/4.9.1/../../../../../H-x86_64-mingw32/nios2-elf/lib/mno-hw-mul\libc.a(lib_a-isattyr.o)
 .comment       0x0000000000000000       0x24 c:/altera/15.0/nios2eds/bin/gnu/h-x86_64-mingw32/bin/../lib/gcc/nios2-elf/4.9.1/../../../../../H-x86_64-mingw32/nios2-elf/lib/mno-hw-mul\libc.a(lib_a-lseekr.o)
 .comment       0x0000000000000000       0x24 c:/altera/15.0/nios2eds/bin/gnu/h-x86_64-mingw32/bin/../lib/gcc/nios2-elf/4.9.1/../../../../../H-x86_64-mingw32/nios2-elf/lib/mno-hw-mul\libc.a(lib_a-readr.o)
 .comment       0x0000000000000000       0x24 c:/altera/15.0/nios2eds/bin/gnu/h-x86_64-mingw32/bin/../lib/gcc/nios2-elf/4.9.1/../../../../../H-x86_64-mingw32/nios2-elf/lib/mno-hw-mul\libc.a(lib_a-wbuf.o)
 .comment       0x0000000000000000       0x24 c:/altera/15.0/nios2eds/bin/gnu/h-x86_64-mingw32/bin/../lib/gcc/nios2-elf/4.9.1/../../../../../H-x86_64-mingw32/nios2-elf/lib/mno-hw-mul\libc.a(lib_a-wcrtomb.o)
 .comment       0x0000000000000000       0x24 c:/altera/15.0/nios2eds/bin/gnu/h-x86_64-mingw32/bin/../lib/gcc/nios2-elf/4.9.1/../../../../../H-x86_64-mingw32/nios2-elf/lib/mno-hw-mul\libc.a(lib_a-wctomb_r.o)
 .comment       0x0000000000000000       0x24 c:/altera/15.0/nios2eds/bin/gnu/h-x86_64-mingw32/bin/../lib/gcc/nios2-elf/4.9.1/mno-hw-mul\libgcc.a(_udivdi3.o)
 .comment       0x0000000000000000       0x24 c:/altera/15.0/nios2eds/bin/gnu/h-x86_64-mingw32/bin/../lib/gcc/nios2-elf/4.9.1/mno-hw-mul\libgcc.a(_umoddi3.o)
 .comment       0x0000000000000000       0x24 c:/altera/15.0/nios2eds/bin/gnu/h-x86_64-mingw32/bin/../lib/gcc/nios2-elf/4.9.1/mno-hw-mul\libgcc.a(adddf3.o)
 .comment       0x0000000000000000       0x24 c:/altera/15.0/nios2eds/bin/gnu/h-x86_64-mingw32/bin/../lib/gcc/nios2-elf/4.9.1/mno-hw-mul\libgcc.a(divdf3.o)
 .comment       0x0000000000000000       0x24 c:/altera/15.0/nios2eds/bin/gnu/h-x86_64-mingw32/bin/../lib/gcc/nios2-elf/4.9.1/mno-hw-mul\libgcc.a(eqdf2.o)
 .comment       0x0000000000000000       0x24 c:/altera/15.0/nios2eds/bin/gnu/h-x86_64-mingw32/bin/../lib/gcc/nios2-elf/4.9.1/mno-hw-mul\libgcc.a(gedf2.o)
 .comment       0x0000000000000000       0x24 c:/altera/15.0/nios2eds/bin/gnu/h-x86_64-mingw32/bin/../lib/gcc/nios2-elf/4.9.1/mno-hw-mul\libgcc.a(ledf2.o)
 .comment       0x0000000000000000       0x24 c:/altera/15.0/nios2eds/bin/gnu/h-x86_64-mingw32/bin/../lib/gcc/nios2-elf/4.9.1/mno-hw-mul\libgcc.a(muldf3.o)
 .comment       0x0000000000000000       0x24 c:/altera/15.0/nios2eds/bin/gnu/h-x86_64-mingw32/bin/../lib/gcc/nios2-elf/4.9.1/mno-hw-mul\libgcc.a(subdf3.o)
 .comment       0x0000000000000000       0x24 c:/altera/15.0/nios2eds/bin/gnu/h-x86_64-mingw32/bin/../lib/gcc/nios2-elf/4.9.1/mno-hw-mul\libgcc.a(fixdfsi.o)
 .comment       0x0000000000000000       0x24 c:/altera/15.0/nios2eds/bin/gnu/h-x86_64-mingw32/bin/../lib/gcc/nios2-elf/4.9.1/mno-hw-mul\libgcc.a(floatsidf.o)
 .comment       0x0000000000000000       0x24 c:/altera/15.0/nios2eds/bin/gnu/h-x86_64-mingw32/bin/../lib/gcc/nios2-elf/4.9.1/mno-hw-mul\libgcc.a(floatunsidf.o)
 .comment       0x0000000000000000       0x24 c:/altera/15.0/nios2eds/bin/gnu/h-x86_64-mingw32/bin/../lib/gcc/nios2-elf/4.9.1/mno-hw-mul\libgcc.a(_clz.o)
 .comment       0x0000000000000000       0x24 c:/altera/15.0/nios2eds/bin/gnu/h-x86_64-mingw32/bin/../lib/gcc/nios2-elf/4.9.1/mno-hw-mul\libgcc.a(_clzsi2.o)
 .comment       0x0000000000000000       0x24 ../lab9_app_bsp/\libhal_bsp.a(alt_close.o)
 .comment       0x0000000000000000       0x24 ../lab9_app_bsp/\libhal_bsp.a(alt_dev.o)
 .comment       0x0000000000000000       0x24 ../lab9_app_bsp/\libhal_bsp.a(alt_errno.o)
 .comment       0x0000000000000000       0x24 ../lab9_app_bsp/\libhal_bsp.a(alt_fstat.o)
 .comment       0x0000000000000000       0x24 ../lab9_app_bsp/\libhal_bsp.a(alt_isatty.o)
 .comment       0x0000000000000000       0x24 ../lab9_app_bsp/\libhal_bsp.a(alt_load.o)
 .comment       0x0000000000000000       0x24 ../lab9_app_bsp/\libhal_bsp.a(alt_lseek.o)
 .comment       0x0000000000000000       0x24 ../lab9_app_bsp/\libhal_bsp.a(alt_main.o)
 .comment       0x0000000000000000       0x24 ../lab9_app_bsp/\libhal_bsp.a(alt_malloc_lock.o)
 .comment       0x0000000000000000       0x24 ../lab9_app_bsp/\libhal_bsp.a(alt_read.o)
 .comment       0x0000000000000000       0x24 ../lab9_app_bsp/\libhal_bsp.a(alt_release_fd.o)
 .comment       0x0000000000000000       0x24 ../lab9_app_bsp/\libhal_bsp.a(alt_sbrk.o)
 .comment       0x0000000000000000       0x24 ../lab9_app_bsp/\libhal_bsp.a(alt_write.o)
 .comment       0x0000000000000000       0x24 ../lab9_app_bsp/\libhal_bsp.a(alt_sys_init.o)
 .comment       0x0000000000000000       0x24 ../lab9_app_bsp/\libhal_bsp.a(altera_avalon_jtag_uart_fd.o)
 .comment       0x0000000000000000       0x24 ../lab9_app_bsp/\libhal_bsp.a(altera_avalon_jtag_uart_init.o)
 .comment       0x0000000000000000       0x24 ../lab9_app_bsp/\libhal_bsp.a(altera_avalon_jtag_uart_ioctl.o)
 .comment       0x0000000000000000       0x24 ../lab9_app_bsp/\libhal_bsp.a(altera_avalon_jtag_uart_read.o)
 .comment       0x0000000000000000       0x24 ../lab9_app_bsp/\libhal_bsp.a(altera_avalon_jtag_uart_write.o)
 .comment       0x0000000000000000       0x24 ../lab9_app_bsp/\libhal_bsp.a(alt_alarm_start.o)
 .comment       0x0000000000000000       0x24 ../lab9_app_bsp/\libhal_bsp.a(alt_dcache_flush_all.o)
 .comment       0x0000000000000000       0x24 ../lab9_app_bsp/\libhal_bsp.a(alt_dev_llist_insert.o)
 .comment       0x0000000000000000       0x24 ../lab9_app_bsp/\libhal_bsp.a(alt_do_ctors.o)
 .comment       0x0000000000000000       0x24 ../lab9_app_bsp/\libhal_bsp.a(alt_do_dtors.o)
 .comment       0x0000000000000000       0x24 ../lab9_app_bsp/\libhal_bsp.a(alt_icache_flush_all.o)
 .comment       0x0000000000000000       0x24 ../lab9_app_bsp/\libhal_bsp.a(alt_iic.o)
 .comment       0x0000000000000000       0x24 ../lab9_app_bsp/\libhal_bsp.a(alt_iic_isr_register.o)
 .comment       0x0000000000000000       0x24 ../lab9_app_bsp/\libhal_bsp.a(alt_io_redirect.o)
 .comment       0x0000000000000000       0x24 ../lab9_app_bsp/\libhal_bsp.a(alt_irq_handler.o)
 .comment       0x0000000000000000       0x24 ../lab9_app_bsp/\libhal_bsp.a(alt_irq_vars.o)
 .comment       0x0000000000000000       0x24 ../lab9_app_bsp/\libhal_bsp.a(alt_open.o)
 .comment       0x0000000000000000       0x24 ../lab9_app_bsp/\libhal_bsp.a(alt_tick.o)
 .comment       0x0000000000000000       0x24 ../lab9_app_bsp/\libhal_bsp.a(altera_nios2_qsys_irq.o)
 .comment       0x0000000000000000       0x24 ../lab9_app_bsp/\libhal_bsp.a(alt_find_dev.o)
 .comment       0x0000000000000000       0x24 ../lab9_app_bsp/\libhal_bsp.a(alt_find_file.o)
 .comment       0x0000000000000000       0x24 ../lab9_app_bsp/\libhal_bsp.a(alt_get_fd.o)
 .comment       0x0000000000000000       0x24 c:/altera/15.0/nios2eds/bin/gnu/h-x86_64-mingw32/bin/../lib/gcc/nios2-elf/4.9.1/../../../../../H-x86_64-mingw32/nios2-elf/lib/mno-hw-mul\libc.a(lib_a-atexit.o)
 .comment       0x0000000000000000       0x24 c:/altera/15.0/nios2eds/bin/gnu/h-x86_64-mingw32/bin/../lib/gcc/nios2-elf/4.9.1/../../../../../H-x86_64-mingw32/nios2-elf/lib/mno-hw-mul\libc.a(lib_a-exit.o)
 .comment       0x0000000000000000       0x24 c:/altera/15.0/nios2eds/bin/gnu/h-x86_64-mingw32/bin/../lib/gcc/nios2-elf/4.9.1/../../../../../H-x86_64-mingw32/nios2-elf/lib/mno-hw-mul\libc.a(lib_a-memcmp.o)
 .comment       0x0000000000000000       0x24 c:/altera/15.0/nios2eds/bin/gnu/h-x86_64-mingw32/bin/../lib/gcc/nios2-elf/4.9.1/../../../../../H-x86_64-mingw32/nios2-elf/lib/mno-hw-mul\libc.a(lib_a-__atexit.o)
 .comment       0x0000000000000000       0x24 c:/altera/15.0/nios2eds/bin/gnu/h-x86_64-mingw32/bin/../lib/gcc/nios2-elf/4.9.1/../../../../../H-x86_64-mingw32/nios2-elf/lib/mno-hw-mul\libc.a(lib_a-__call_atexit.o)
 .comment       0x0000000000000000       0x24 ../lab9_app_bsp/\libhal_bsp.a(alt_exit.o)

.debug
 *(.debug)

.line
 *(.line)

.debug_srcinfo
 *(.debug_srcinfo)

.debug_sfnames
 *(.debug_sfnames)

.debug_aranges  0x0000000000000000      0xca8
 *(.debug_aranges)
 .debug_aranges
                0x0000000000000000       0x28 ../lab9_app_bsp//obj/HAL/src/crt0.o
 .debug_aranges
                0x0000000000000028       0x20 obj/default/main.o
 .debug_aranges
                0x0000000000000048       0x20 c:/altera/15.0/nios2eds/bin/gnu/h-x86_64-mingw32/bin/../lib/gcc/nios2-elf/4.9.1/mno-hw-mul\libgcc.a(lib2-divmod.o)
 .debug_aranges
                0x0000000000000068       0x20 c:/altera/15.0/nios2eds/bin/gnu/h-x86_64-mingw32/bin/../lib/gcc/nios2-elf/4.9.1/mno-hw-mul\libgcc.a(lib2-mul.o)
 .debug_aranges
                0x0000000000000088       0x20 c:/altera/15.0/nios2eds/bin/gnu/h-x86_64-mingw32/bin/../lib/gcc/nios2-elf/4.9.1/../../../../../H-x86_64-mingw32/nios2-elf/lib/mno-hw-mul\libc.a(lib_a-memcpy.o)
 .debug_aranges
                0x00000000000000a8       0x20 c:/altera/15.0/nios2eds/bin/gnu/h-x86_64-mingw32/bin/../lib/gcc/nios2-elf/4.9.1/../../../../../H-x86_64-mingw32/nios2-elf/lib/mno-hw-mul\libc.a(lib_a-printf.o)
 .debug_aranges
                0x00000000000000c8       0x20 c:/altera/15.0/nios2eds/bin/gnu/h-x86_64-mingw32/bin/../lib/gcc/nios2-elf/4.9.1/../../../../../H-x86_64-mingw32/nios2-elf/lib/mno-hw-mul\libc.a(lib_a-puts.o)
 .debug_aranges
                0x00000000000000e8       0x20 c:/altera/15.0/nios2eds/bin/gnu/h-x86_64-mingw32/bin/../lib/gcc/nios2-elf/4.9.1/../../../../../H-x86_64-mingw32/nios2-elf/lib/mno-hw-mul\libc.a(lib_a-strlen.o)
 .debug_aranges
                0x0000000000000108       0x20 c:/altera/15.0/nios2eds/bin/gnu/h-x86_64-mingw32/bin/../lib/gcc/nios2-elf/4.9.1/../../../../../H-x86_64-mingw32/nios2-elf/lib/mno-hw-mul\libc.a(lib_a-vfprintf.o)
 .debug_aranges
                0x0000000000000128       0x20 c:/altera/15.0/nios2eds/bin/gnu/h-x86_64-mingw32/bin/../lib/gcc/nios2-elf/4.9.1/../../../../../H-x86_64-mingw32/nios2-elf/lib/mno-hw-mul\libc.a(lib_a-wsetup.o)
 .debug_aranges
                0x0000000000000148       0x20 c:/altera/15.0/nios2eds/bin/gnu/h-x86_64-mingw32/bin/../lib/gcc/nios2-elf/4.9.1/../../../../../H-x86_64-mingw32/nios2-elf/lib/mno-hw-mul\libc.a(lib_a-dtoa.o)
 .debug_aranges
                0x0000000000000168       0x20 c:/altera/15.0/nios2eds/bin/gnu/h-x86_64-mingw32/bin/../lib/gcc/nios2-elf/4.9.1/../../../../../H-x86_64-mingw32/nios2-elf/lib/mno-hw-mul\libc.a(lib_a-fflush.o)
 .debug_aranges
                0x0000000000000188       0x20 c:/altera/15.0/nios2eds/bin/gnu/h-x86_64-mingw32/bin/../lib/gcc/nios2-elf/4.9.1/../../../../../H-x86_64-mingw32/nios2-elf/lib/mno-hw-mul\libc.a(lib_a-findfp.o)
 .debug_aranges
                0x00000000000001a8       0x20 c:/altera/15.0/nios2eds/bin/gnu/h-x86_64-mingw32/bin/../lib/gcc/nios2-elf/4.9.1/../../../../../H-x86_64-mingw32/nios2-elf/lib/mno-hw-mul\libc.a(lib_a-freer.o)
 .debug_aranges
                0x00000000000001c8       0x20 c:/altera/15.0/nios2eds/bin/gnu/h-x86_64-mingw32/bin/../lib/gcc/nios2-elf/4.9.1/../../../../../H-x86_64-mingw32/nios2-elf/lib/mno-hw-mul\libc.a(lib_a-fvwrite.o)
 .debug_aranges